Archive member included because of file (symbol)

c:/altera/13.0sp1/nios2eds/bin/gnu/h-i686-mingw32/bin/../lib/gcc/nios2-elf/4.1.2/../../../../nios2-elf/lib/mno-hw-mul\libsmallc.a(lib_a-printf.o)
                              obj/default/source.o (printf)
c:/altera/13.0sp1/nios2eds/bin/gnu/h-i686-mingw32/bin/../lib/gcc/nios2-elf/4.1.2/../../../../nios2-elf/lib/mno-hw-mul\libsmallc.a(lib_a-putchar.o)
                              obj/default/source.o (putchar)
c:/altera/13.0sp1/nios2eds/bin/gnu/h-i686-mingw32/bin/../lib/gcc/nios2-elf/4.1.2/../../../../nios2-elf/lib/mno-hw-mul\libsmallc.a(lib_a-puts.o)
                              obj/default/source.o (puts)
c:/altera/13.0sp1/nios2eds/bin/gnu/h-i686-mingw32/bin/../lib/gcc/nios2-elf/4.1.2/../../../../nios2-elf/lib/mno-hw-mul\libsmallc.a(lib_a-strlen.o)
                              c:/altera/13.0sp1/nios2eds/bin/gnu/h-i686-mingw32/bin/../lib/gcc/nios2-elf/4.1.2/../../../../nios2-elf/lib/mno-hw-mul\libsmallc.a(lib_a-puts.o) (strlen)
c:/altera/13.0sp1/nios2eds/bin/gnu/h-i686-mingw32/bin/../lib/gcc/nios2-elf/4.1.2/../../../../nios2-elf/lib/mno-hw-mul\libsmallc.a(lib_a-vfprintf.o)
                              c:/altera/13.0sp1/nios2eds/bin/gnu/h-i686-mingw32/bin/../lib/gcc/nios2-elf/4.1.2/../../../../nios2-elf/lib/mno-hw-mul\libsmallc.a(lib_a-printf.o) (___vfprintf_internal_r)
c:/altera/13.0sp1/nios2eds/bin/gnu/h-i686-mingw32/bin/../lib/gcc/nios2-elf/4.1.2/../../../../nios2-elf/lib/mno-hw-mul\libsmallc.a(lib_a-fvwrite_small_dev.o)
                              c:/altera/13.0sp1/nios2eds/bin/gnu/h-i686-mingw32/bin/../lib/gcc/nios2-elf/4.1.2/../../../../nios2-elf/lib/mno-hw-mul\libsmallc.a(lib_a-printf.o) (__sfvwrite_small_dev)
c:/altera/13.0sp1/nios2eds/bin/gnu/h-i686-mingw32/bin/../lib/gcc/nios2-elf/4.1.2/../../../../nios2-elf/lib/mno-hw-mul\libsmallc.a(lib_a-impure.o)
                              c:/altera/13.0sp1/nios2eds/bin/gnu/h-i686-mingw32/bin/../lib/gcc/nios2-elf/4.1.2/../../../../nios2-elf/lib/mno-hw-mul\libsmallc.a(lib_a-printf.o) (_impure_ptr)
c:/altera/13.0sp1/nios2eds/bin/gnu/h-i686-mingw32/bin/../lib/gcc/nios2-elf/4.1.2/../../../../nios2-elf/lib/mno-hw-mul\libsmallc.a(lib_a-putc.o)
                              c:/altera/13.0sp1/nios2eds/bin/gnu/h-i686-mingw32/bin/../lib/gcc/nios2-elf/4.1.2/../../../../nios2-elf/lib/mno-hw-mul\libsmallc.a(lib_a-putchar.o) (_putc_r)
c:/altera/13.0sp1/nios2eds/bin/gnu/h-i686-mingw32/bin/../lib/gcc/nios2-elf/4.1.2/../../../../nios2-elf/lib/mno-hw-mul\libsmallc.a(lib_a-writer.o)
                              c:/altera/13.0sp1/nios2eds/bin/gnu/h-i686-mingw32/bin/../lib/gcc/nios2-elf/4.1.2/../../../../nios2-elf/lib/mno-hw-mul\libsmallc.a(lib_a-fvwrite_small_dev.o) (_write_r)
c:/altera/13.0sp1/nios2eds/bin/gnu/h-i686-mingw32/bin/../lib/gcc/nios2-elf/4.1.2/../../../../nios2-elf/lib/mno-hw-mul\libsmallc.a(lib_a-int_errno.o)
                              c:/altera/13.0sp1/nios2eds/bin/gnu/h-i686-mingw32/bin/../lib/gcc/nios2-elf/4.1.2/../../../../nios2-elf/lib/mno-hw-mul\libsmallc.a(lib_a-writer.o) (errno)
c:/altera/13.0sp1/nios2eds/bin/gnu/h-i686-mingw32/bin/../lib/gcc/nios2-elf/4.1.2/mno-hw-mul\libgcc.a(lib2-divmod.o)
                              c:/altera/13.0sp1/nios2eds/bin/gnu/h-i686-mingw32/bin/../lib/gcc/nios2-elf/4.1.2/../../../../nios2-elf/lib/mno-hw-mul\libsmallc.a(lib_a-vfprintf.o) (__udivsi3)
c:/altera/13.0sp1/nios2eds/bin/gnu/h-i686-mingw32/bin/../lib/gcc/nios2-elf/4.1.2/mno-hw-mul\libgcc.a(lib2-mul.o)
                              c:/altera/13.0sp1/nios2eds/bin/gnu/h-i686-mingw32/bin/../lib/gcc/nios2-elf/4.1.2/../../../../nios2-elf/lib/mno-hw-mul\libsmallc.a(lib_a-vfprintf.o) (__mulsi3)
../sha_bsp/\libhal_bsp.a(alt_load.o)
                              ../sha_bsp//obj/HAL/src/crt0.o (alt_load)
../sha_bsp/\libhal_bsp.a(alt_main.o)
                              ../sha_bsp//obj/HAL/src/crt0.o (alt_main)
../sha_bsp/\libhal_bsp.a(alt_write.o)
                              c:/altera/13.0sp1/nios2eds/bin/gnu/h-i686-mingw32/bin/../lib/gcc/nios2-elf/4.1.2/../../../../nios2-elf/lib/mno-hw-mul\libsmallc.a(lib_a-writer.o) (write)
../sha_bsp/\libhal_bsp.a(alt_sys_init.o)
                              ../sha_bsp/\libhal_bsp.a(alt_main.o) (alt_irq_init)
../sha_bsp/\libhal_bsp.a(altera_avalon_jtag_uart_fd.o)
                              ../sha_bsp/\libhal_bsp.a(alt_sys_init.o) (altera_avalon_jtag_uart_read_fd)
../sha_bsp/\libhal_bsp.a(altera_avalon_jtag_uart_read.o)
                              ../sha_bsp/\libhal_bsp.a(altera_avalon_jtag_uart_fd.o) (altera_avalon_jtag_uart_read)
../sha_bsp/\libhal_bsp.a(altera_avalon_jtag_uart_write.o)
                              ../sha_bsp/\libhal_bsp.a(altera_avalon_jtag_uart_fd.o) (altera_avalon_jtag_uart_write)
../sha_bsp/\libhal_bsp.a(alt_close.o)
                              ../sha_bsp/\libhal_bsp.a(alt_main.o) (close)
../sha_bsp/\libhal_bsp.a(alt_dcache_flush_all.o)
                              ../sha_bsp/\libhal_bsp.a(alt_load.o) (alt_dcache_flush_all)
../sha_bsp/\libhal_bsp.a(alt_dev.o)
                              ../sha_bsp/\libhal_bsp.a(alt_sys_init.o) (alt_dev_list)
../sha_bsp/\libhal_bsp.a(alt_dev_llist_insert.o)
                              ../sha_bsp/\libhal_bsp.a(alt_sys_init.o) (alt_dev_llist_insert)
../sha_bsp/\libhal_bsp.a(alt_do_ctors.o)
                              ../sha_bsp/\libhal_bsp.a(alt_main.o) (_do_ctors)
../sha_bsp/\libhal_bsp.a(alt_do_dtors.o)
                              ../sha_bsp/\libhal_bsp.a(alt_main.o) (_do_dtors)
../sha_bsp/\libhal_bsp.a(alt_errno.o)
                              ../sha_bsp/\libhal_bsp.a(alt_write.o) (alt_errno)
../sha_bsp/\libhal_bsp.a(alt_icache_flush_all.o)
                              ../sha_bsp/\libhal_bsp.a(alt_load.o) (alt_icache_flush_all)
../sha_bsp/\libhal_bsp.a(alt_io_redirect.o)
                              ../sha_bsp/\libhal_bsp.a(alt_main.o) (alt_io_redirect)
../sha_bsp/\libhal_bsp.a(alt_open.o)
                              ../sha_bsp/\libhal_bsp.a(alt_io_redirect.o) (open)
../sha_bsp/\libhal_bsp.a(alt_release_fd.o)
                              ../sha_bsp/\libhal_bsp.a(alt_close.o) (alt_release_fd)
../sha_bsp/\libhal_bsp.a(altera_nios2_qsys_irq.o)
                              ../sha_bsp/\libhal_bsp.a(alt_sys_init.o) (altera_nios2_qsys_irq_init)
../sha_bsp/\libhal_bsp.a(alt_find_dev.o)
                              ../sha_bsp/\libhal_bsp.a(alt_open.o) (alt_find_dev)
../sha_bsp/\libhal_bsp.a(alt_find_file.o)
                              ../sha_bsp/\libhal_bsp.a(alt_open.o) (alt_find_file)
../sha_bsp/\libhal_bsp.a(alt_get_fd.o)
                              ../sha_bsp/\libhal_bsp.a(alt_open.o) (alt_get_fd)
c:/altera/13.0sp1/nios2eds/bin/gnu/h-i686-mingw32/bin/../lib/gcc/nios2-elf/4.1.2/../../../../nios2-elf/lib/mno-hw-mul\libsmallc.a(lib_a-atexit.o)
                              ../sha_bsp/\libhal_bsp.a(alt_main.o) (atexit)
c:/altera/13.0sp1/nios2eds/bin/gnu/h-i686-mingw32/bin/../lib/gcc/nios2-elf/4.1.2/../../../../nios2-elf/lib/mno-hw-mul\libsmallc.a(lib_a-exit.o)
                              ../sha_bsp/\libhal_bsp.a(alt_main.o) (exit)
c:/altera/13.0sp1/nios2eds/bin/gnu/h-i686-mingw32/bin/../lib/gcc/nios2-elf/4.1.2/../../../../nios2-elf/lib/mno-hw-mul\libsmallc.a(lib_a-memcmp.o)
                              ../sha_bsp/\libhal_bsp.a(alt_find_dev.o) (memcmp)
c:/altera/13.0sp1/nios2eds/bin/gnu/h-i686-mingw32/bin/../lib/gcc/nios2-elf/4.1.2/../../../../nios2-elf/lib/mno-hw-mul\libsmallc.a(lib_a-__atexit.o)
                              c:/altera/13.0sp1/nios2eds/bin/gnu/h-i686-mingw32/bin/../lib/gcc/nios2-elf/4.1.2/../../../../nios2-elf/lib/mno-hw-mul\libsmallc.a(lib_a-atexit.o) (__register_exitproc)
c:/altera/13.0sp1/nios2eds/bin/gnu/h-i686-mingw32/bin/../lib/gcc/nios2-elf/4.1.2/../../../../nios2-elf/lib/mno-hw-mul\libsmallc.a(lib_a-__call_atexit.o)
                              c:/altera/13.0sp1/nios2eds/bin/gnu/h-i686-mingw32/bin/../lib/gcc/nios2-elf/4.1.2/../../../../nios2-elf/lib/mno-hw-mul\libsmallc.a(lib_a-exit.o) (__call_exitprocs)
../sha_bsp/\libhal_bsp.a(alt_exit.o)
                              c:/altera/13.0sp1/nios2eds/bin/gnu/h-i686-mingw32/bin/../lib/gcc/nios2-elf/4.1.2/../../../../nios2-elf/lib/mno-hw-mul\libsmallc.a(lib_a-exit.o) (_exit)

Allocating common symbols
Common symbol       size              file

errno               0x4               c:/altera/13.0sp1/nios2eds/bin/gnu/h-i686-mingw32/bin/../lib/gcc/nios2-elf/4.1.2/../../../../nios2-elf/lib/mno-hw-mul\libsmallc.a(lib_a-int_errno.o)
_atexit0            0x8c              c:/altera/13.0sp1/nios2eds/bin/gnu/h-i686-mingw32/bin/../lib/gcc/nios2-elf/4.1.2/../../../../nios2-elf/lib/mno-hw-mul\libsmallc.a(lib_a-atexit.o)

Memory Configuration

Name             Origin             Length             Attributes
reset            0x00008000         0x00000020
onchip_memory2_0 0x00008020         0x00007fe0
*default*        0x00000000         0xffffffff

Linker script and memory map

LOAD ../sha_bsp//obj/HAL/src/crt0.o
LOAD obj/default/source.o
LOAD c:/altera/13.0sp1/nios2eds/bin/gnu/h-i686-mingw32/bin/../lib/gcc/nios2-elf/4.1.2/../../../../nios2-elf/lib/mno-hw-mul\libstdc++.a
LOAD c:/altera/13.0sp1/nios2eds/bin/gnu/h-i686-mingw32/bin/../lib/gcc/nios2-elf/4.1.2/../../../../nios2-elf/lib/mno-hw-mul\libm.a
LOAD c:/altera/13.0sp1/nios2eds/bin/gnu/h-i686-mingw32/bin/../lib/gcc/nios2-elf/4.1.2/mno-hw-mul\libgcc.a
START GROUP
LOAD c:/altera/13.0sp1/nios2eds/bin/gnu/h-i686-mingw32/bin/../lib/gcc/nios2-elf/4.1.2/../../../../nios2-elf/lib/mno-hw-mul\libsmallc.a
LOAD c:/altera/13.0sp1/nios2eds/bin/gnu/h-i686-mingw32/bin/../lib/gcc/nios2-elf/4.1.2/mno-hw-mul\libgcc.a
LOAD ../sha_bsp/\libhal_bsp.a
END GROUP
LOAD c:/altera/13.0sp1/nios2eds/bin/gnu/h-i686-mingw32/bin/../lib/gcc/nios2-elf/4.1.2/mno-hw-mul\libgcc.a
                0x00008000                __alt_mem_onchip_memory2_0 = 0x8000

.entry          0x00008000       0x20
 *(.entry)
 .entry         0x00008000       0x20 ../sha_bsp//obj/HAL/src/crt0.o
                0x00008000                __reset

.exceptions     0x00008020        0x0
                0x00008020                PROVIDE (__ram_exceptions_start, ABSOLUTE (.))
                0x00008020                . = ALIGN (0x20)
 *(.irq)
 *(.exceptions.entry.label)
 *(.exceptions.entry.user)
 *(.exceptions.entry)
 *(.exceptions.irqtest.user)
 *(.exceptions.irqtest)
 *(.exceptions.irqhandler.user)
 *(.exceptions.irqhandler)
 *(.exceptions.irqreturn.user)
 *(.exceptions.irqreturn)
 *(.exceptions.notirq.label)
 *(.exceptions.notirq.user)
 *(.exceptions.notirq)
 *(.exceptions.soft.user)
 *(.exceptions.soft)
 *(.exceptions.unknown.user)
 *(.exceptions.unknown)
 *(.exceptions.exit.label)
 *(.exceptions.exit.user)
 *(.exceptions.exit)
 *(.exceptions)
                0x00008020                PROVIDE (__ram_exceptions_end, ABSOLUTE (.))
                0x00008020                PROVIDE (__flash_exceptions_start, LOADADDR (.exceptions))

.text           0x00008020     0x23bc
                0x00008020                PROVIDE (stext, ABSOLUTE (.))
 *(.interp)
 *(.hash)
 *(.dynsym)
 *(.dynstr)
 *(.gnu.version)
 *(.gnu.version_d)
 *(.gnu.version_r)
 *(.rel.init)
 *(.rela.init)
 *(.rel.text .rel.text.* .rel.gnu.linkonce.t.*)
 *(.rela.text .rela.text.* .rela.gnu.linkonce.t.*)
 *(.rel.fini)
 *(.rela.fini)
 *(.rel.rodata .rel.rodata.* .rel.gnu.linkonce.r.*)
 *(.rela.rodata .rela.rodata.* .rela.gnu.linkonce.r.*)
 *(.rel.data .rel.data.* .rel.gnu.linkonce.d.*)
 *(.rela.data .rela.data.* .rela.gnu.linkonce.d.*)
 *(.rel.tdata .rel.tdata.* .rel.gnu.linkonce.td.*)
 *(.rela.tdata .rela.tdata.* .rela.gnu.linkonce.td.*)
 *(.rel.tbss .rel.tbss.* .rel.gnu.linkonce.tb.*)
 *(.rela.tbss .rela.tbss.* .rela.gnu.linkonce.tb.*)
 *(.rel.ctors)
 *(.rela.ctors)
 *(.rel.dtors)
 *(.rela.dtors)
 *(.rel.got)
 *(.rela.got)
 *(.rel.sdata .rel.sdata.* .rel.gnu.linkonce.s.*)
 *(.rela.sdata .rela.sdata.* .rela.gnu.linkonce.s.*)
 *(.rel.sbss .rel.sbss.* .rel.gnu.linkonce.sb.*)
 *(.rela.sbss .rela.sbss.* .rela.gnu.linkonce.sb.*)
 *(.rel.sdata2 .rel.sdata2.* .rel.gnu.linkonce.s2.*)
 *(.rela.sdata2 .rela.sdata2.* .rela.gnu.linkonce.s2.*)
 *(.rel.sbss2 .rel.sbss2.* .rel.gnu.linkonce.sb2.*)
 *(.rela.sbss2 .rela.sbss2.* .rela.gnu.linkonce.sb2.*)
 *(.rel.bss .rel.bss.* .rel.gnu.linkonce.b.*)
 *(.rela.bss .rela.bss.* .rela.gnu.linkonce.b.*)
 *(.rel.plt)
 *(.rela.plt)
 *(.rel.dyn)
 *(.init)
 *(.plt)
 *(.text .stub .text.* .gnu.linkonce.t.*)
 .text          0x00008020       0x3c ../sha_bsp//obj/HAL/src/crt0.o
                0x00008020                _start
 .text          0x0000805c      0x264 obj/default/source.o
                0x0000805c                send_input_to_sha
                0x000080f4                read_and_print_hash
                0x000081e8                main
 .text          0x000082c0       0x98 c:/altera/13.0sp1/nios2eds/bin/gnu/h-i686-mingw32/bin/../lib/gcc/nios2-elf/4.1.2/../../../../nios2-elf/lib/mno-hw-mul\libsmallc.a(lib_a-printf.o)
                0x000082c0                printf
                0x00008314                _printf_r
 .text          0x00008358       0x24 c:/altera/13.0sp1/nios2eds/bin/gnu/h-i686-mingw32/bin/../lib/gcc/nios2-elf/4.1.2/../../../../nios2-elf/lib/mno-hw-mul\libsmallc.a(lib_a-putchar.o)
                0x00008358                putchar
                0x00008374                _putchar_r
 .text          0x0000837c       0xa4 c:/altera/13.0sp1/nios2eds/bin/gnu/h-i686-mingw32/bin/../lib/gcc/nios2-elf/4.1.2/../../../../nios2-elf/lib/mno-hw-mul\libsmallc.a(lib_a-puts.o)
                0x0000837c                _puts_r
                0x0000840c                puts
 .text          0x00008420       0x20 c:/altera/13.0sp1/nios2eds/bin/gnu/h-i686-mingw32/bin/../lib/gcc/nios2-elf/4.1.2/../../../../nios2-elf/lib/mno-hw-mul\libsmallc.a(lib_a-strlen.o)
                0x00008420                strlen
 .text          0x00008440      0x740 c:/altera/13.0sp1/nios2eds/bin/gnu/h-i686-mingw32/bin/../lib/gcc/nios2-elf/4.1.2/../../../../nios2-elf/lib/mno-hw-mul\libsmallc.a(lib_a-vfprintf.o)
                0x000084c0                ___vfprintf_internal_r
                0x00008b5c                __vfprintf_internal
 .text          0x00008b80       0xbc c:/altera/13.0sp1/nios2eds/bin/gnu/h-i686-mingw32/bin/../lib/gcc/nios2-elf/4.1.2/../../../../nios2-elf/lib/mno-hw-mul\libsmallc.a(lib_a-fvwrite_small_dev.o)
                0x00008b80                __sfvwrite_small_dev
 .text          0x00008c3c        0x0 c:/altera/13.0sp1/nios2eds/bin/gnu/h-i686-mingw32/bin/../lib/gcc/nios2-elf/4.1.2/../../../../nios2-elf/lib/mno-hw-mul\libsmallc.a(lib_a-impure.o)
 .text          0x00008c3c       0xe4 c:/altera/13.0sp1/nios2eds/bin/gnu/h-i686-mingw32/bin/../lib/gcc/nios2-elf/4.1.2/../../../../nios2-elf/lib/mno-hw-mul\libsmallc.a(lib_a-putc.o)
                0x00008c3c                putc
                0x00008cac                _putc_r
 .text          0x00008d20       0x78 c:/altera/13.0sp1/nios2eds/bin/gnu/h-i686-mingw32/bin/../lib/gcc/nios2-elf/4.1.2/../../../../nios2-elf/lib/mno-hw-mul\libsmallc.a(lib_a-writer.o)
                0x00008d20                _write_r
 .text          0x00008d98        0x0 c:/altera/13.0sp1/nios2eds/bin/gnu/h-i686-mingw32/bin/../lib/gcc/nios2-elf/4.1.2/../../../../nios2-elf/lib/mno-hw-mul\libsmallc.a(lib_a-int_errno.o)
 .text          0x00008d98      0x14c c:/altera/13.0sp1/nios2eds/bin/gnu/h-i686-mingw32/bin/../lib/gcc/nios2-elf/4.1.2/mno-hw-mul\libgcc.a(lib2-divmod.o)
                0x00008e14                __divsi3
                0x00008e74                __modsi3
                0x00008ed4                __udivsi3
                0x00008edc                __umodsi3
 .text          0x00008ee4       0x38 c:/altera/13.0sp1/nios2eds/bin/gnu/h-i686-mingw32/bin/../lib/gcc/nios2-elf/4.1.2/mno-hw-mul\libgcc.a(lib2-mul.o)
                0x00008ee4                __mulsi3
 .text          0x00008f1c       0xec ../sha_bsp/\libhal_bsp.a(alt_load.o)
                0x00008f1c                alt_load
 .text          0x00009008       0x6c ../sha_bsp/\libhal_bsp.a(alt_main.o)
                0x00009008                alt_main
 .text          0x00009074      0x184 ../sha_bsp/\libhal_bsp.a(alt_write.o)
                0x00009074                write
 .text          0x000091f8       0x9c ../sha_bsp/\libhal_bsp.a(alt_sys_init.o)
                0x000091f8                alt_irq_init
                0x0000922c                alt_sys_init
 .text          0x00009294       0xb0 ../sha_bsp/\libhal_bsp.a(altera_avalon_jtag_uart_fd.o)
                0x00009294                altera_avalon_jtag_uart_read_fd
                0x000092ec                altera_avalon_jtag_uart_write_fd
 .text          0x00009344      0x104 ../sha_bsp/\libhal_bsp.a(altera_avalon_jtag_uart_read.o)
                0x00009344                altera_avalon_jtag_uart_read
 .text          0x00009448       0xa4 ../sha_bsp/\libhal_bsp.a(altera_avalon_jtag_uart_write.o)
                0x00009448                altera_avalon_jtag_uart_write
 .text          0x000094ec      0x160 ../sha_bsp/\libhal_bsp.a(alt_close.o)
                0x000094ec                close
 .text          0x0000964c       0x1c ../sha_bsp/\libhal_bsp.a(alt_dcache_flush_all.o)
                0x0000964c                alt_dcache_flush_all
 .text          0x00009668       0x2c ../sha_bsp/\libhal_bsp.a(alt_dev.o)
 .text          0x00009694      0x114 ../sha_bsp/\libhal_bsp.a(alt_dev_llist_insert.o)
                0x00009694                alt_dev_llist_insert
 .text          0x000097a8       0x64 ../sha_bsp/\libhal_bsp.a(alt_do_ctors.o)
                0x000097a8                _do_ctors
 .text          0x0000980c       0x64 ../sha_bsp/\libhal_bsp.a(alt_do_dtors.o)
                0x0000980c                _do_dtors
 .text          0x00009870        0x0 ../sha_bsp/\libhal_bsp.a(alt_errno.o)
 .text          0x00009870       0x1c ../sha_bsp/\libhal_bsp.a(alt_icache_flush_all.o)
                0x00009870                alt_icache_flush_all
 .text          0x0000988c      0x150 ../sha_bsp/\libhal_bsp.a(alt_io_redirect.o)
                0x00009964                alt_io_redirect
 .text          0x000099dc      0x2e4 ../sha_bsp/\libhal_bsp.a(alt_open.o)
                0x00009ad4                open
 .text          0x00009cc0       0x78 ../sha_bsp/\libhal_bsp.a(alt_release_fd.o)
                0x00009cc0                alt_release_fd
 .text          0x00009d38       0x20 ../sha_bsp/\libhal_bsp.a(altera_nios2_qsys_irq.o)
                0x00009d38                altera_nios2_qsys_irq_init
 .text          0x00009d58       0x94 ../sha_bsp/\libhal_bsp.a(alt_find_dev.o)
                0x00009d58                alt_find_dev
 .text          0x00009dec      0x120 ../sha_bsp/\libhal_bsp.a(alt_find_file.o)
                0x00009dec                alt_find_file
 .text          0x00009f0c       0xd0 ../sha_bsp/\libhal_bsp.a(alt_get_fd.o)
                0x00009f0c                alt_get_fd
 .text          0x00009fdc       0x14 c:/altera/13.0sp1/nios2eds/bin/gnu/h-i686-mingw32/bin/../lib/gcc/nios2-elf/4.1.2/../../../../nios2-elf/lib/mno-hw-mul\libsmallc.a(lib_a-atexit.o)
                0x00009fdc                atexit
 .text          0x00009ff0       0x20 c:/altera/13.0sp1/nios2eds/bin/gnu/h-i686-mingw32/bin/../lib/gcc/nios2-elf/4.1.2/../../../../nios2-elf/lib/mno-hw-mul\libsmallc.a(lib_a-exit.o)
                0x00009ff0                exit
 .text          0x0000a010       0x3c c:/altera/13.0sp1/nios2eds/bin/gnu/h-i686-mingw32/bin/../lib/gcc/nios2-elf/4.1.2/../../../../nios2-elf/lib/mno-hw-mul\libsmallc.a(lib_a-memcmp.o)
                0x0000a010                memcmp
 .text          0x0000a04c      0x16c c:/altera/13.0sp1/nios2eds/bin/gnu/h-i686-mingw32/bin/../lib/gcc/nios2-elf/4.1.2/../../../../nios2-elf/lib/mno-hw-mul\libsmallc.a(lib_a-__atexit.o)
                0x0000a04c                __register_exitproc
 .text          0x0000a1b8      0x1c0 c:/altera/13.0sp1/nios2eds/bin/gnu/h-i686-mingw32/bin/../lib/gcc/nios2-elf/4.1.2/../../../../nios2-elf/lib/mno-hw-mul\libsmallc.a(lib_a-__call_atexit.o)
                0x0000a1bc                __call_exitprocs
 .text          0x0000a378       0x60 ../sha_bsp/\libhal_bsp.a(alt_exit.o)
                0x0000a3b8                _exit
 *(.gnu.warning.*)
 *(.fini)
                0x0000a3d8                PROVIDE (__etext, ABSOLUTE (.))
                0x0000a3d8                PROVIDE (_etext, ABSOLUTE (.))
                0x0000a3d8                PROVIDE (etext, ABSOLUTE (.))
 *(.eh_frame_hdr)
                0x0000a3d8                . = ALIGN (0x4)
                0x0000a3d8                PROVIDE (__preinit_array_start, ABSOLUTE (.))
 *(.preinit_array)
                0x0000a3d8                PROVIDE (__preinit_array_end, ABSOLUTE (.))
                0x0000a3d8                PROVIDE (__init_array_start, ABSOLUTE (.))
 *(.init_array)
                0x0000a3d8                PROVIDE (__init_array_end, ABSOLUTE (.))
                0x0000a3d8                PROVIDE (__fini_array_start, ABSOLUTE (.))
 *(.fini_array)
                0x0000a3d8                PROVIDE (__fini_array_end, ABSOLUTE (.))
 *(.eh_frame)
 *(.gcc_except_table)
 *(.dynamic)
                0x0000a3d8                PROVIDE (__CTOR_LIST__, ABSOLUTE (.))
 *(.ctors)
 *(SORT(.ctors.*))
 .ctors.65535   0x0000a3d8        0x4 c:/altera/13.0sp1/nios2eds/bin/gnu/h-i686-mingw32/bin/../lib/gcc/nios2-elf/4.1.2/../../../../nios2-elf/lib/mno-hw-mul\libsmallc.a(lib_a-__call_atexit.o)
                0x0000a3dc                PROVIDE (__CTOR_END__, ABSOLUTE (.))
                0x0000a3dc                PROVIDE (__DTOR_LIST__, ABSOLUTE (.))
 *(.dtors)
 *(SORT(.dtors.*))
                0x0000a3dc                PROVIDE (__DTOR_END__, ABSOLUTE (.))
 *(.jcr)
                0x0000a3dc                . = ALIGN (0x4)

.rodata         0x0000a3dc      0x1fc
                0x0000a3dc                PROVIDE (__ram_rodata_start, ABSOLUTE (.))
                0x0000a3dc                . = ALIGN (0x4)
 *(.rodata .rodata.* .gnu.linkonce.r.*)
 .rodata        0x0000a3dc      0x1c4 obj/default/source.o
 .rodata.str1.4
                0x0000a5a0        0x4 c:/altera/13.0sp1/nios2eds/bin/gnu/h-i686-mingw32/bin/../lib/gcc/nios2-elf/4.1.2/../../../../nios2-elf/lib/mno-hw-mul\libsmallc.a(lib_a-puts.o)
 .rodata        0x0000a5a4       0x14 ../sha_bsp/\libhal_bsp.a(alt_main.o)
 .rodata        0x0000a5b8       0x14 ../sha_bsp/\libhal_bsp.a(alt_sys_init.o)
 .rodata        0x0000a5cc        0xc ../sha_bsp/\libhal_bsp.a(alt_dev.o)
 *(.rodata1)
                0x0000a5d8                . = ALIGN (0x4)
                0x0000a5d8                PROVIDE (__ram_rodata_end, ABSOLUTE (.))
                0x0000a3dc                PROVIDE (__flash_rodata_start, LOADADDR (.rodata))

.rwdata         0x0000a5d8      0x2d4 load address 0x0000a8ac
                0x0000a5d8                PROVIDE (__ram_rwdata_start, ABSOLUTE (.))
                0x0000a5d8                . = ALIGN (0x4)
 *(.got.plt)
 *(.got)
 *(.data1)
 *(.data .data.* .gnu.linkonce.d.*)
 .data          0x0000a5d8        0x0 ../sha_bsp//obj/HAL/src/crt0.o
 .data          0x0000a5d8        0x0 obj/default/source.o
 .data          0x0000a5d8        0x0 c:/altera/13.0sp1/nios2eds/bin/gnu/h-i686-mingw32/bin/../lib/gcc/nios2-elf/4.1.2/../../../../nios2-elf/lib/mno-hw-mul\libsmallc.a(lib_a-printf.o)
 .data          0x0000a5d8        0x0 c:/altera/13.0sp1/nios2eds/bin/gnu/h-i686-mingw32/bin/../lib/gcc/nios2-elf/4.1.2/../../../../nios2-elf/lib/mno-hw-mul\libsmallc.a(lib_a-putchar.o)
 .data          0x0000a5d8        0x0 c:/altera/13.0sp1/nios2eds/bin/gnu/h-i686-mingw32/bin/../lib/gcc/nios2-elf/4.1.2/../../../../nios2-elf/lib/mno-hw-mul\libsmallc.a(lib_a-puts.o)
 .data          0x0000a5d8        0x0 c:/altera/13.0sp1/nios2eds/bin/gnu/h-i686-mingw32/bin/../lib/gcc/nios2-elf/4.1.2/../../../../nios2-elf/lib/mno-hw-mul\libsmallc.a(lib_a-strlen.o)
 .data          0x0000a5d8        0x0 c:/altera/13.0sp1/nios2eds/bin/gnu/h-i686-mingw32/bin/../lib/gcc/nios2-elf/4.1.2/../../../../nios2-elf/lib/mno-hw-mul\libsmallc.a(lib_a-vfprintf.o)
 .data          0x0000a5d8        0x0 c:/altera/13.0sp1/nios2eds/bin/gnu/h-i686-mingw32/bin/../lib/gcc/nios2-elf/4.1.2/../../../../nios2-elf/lib/mno-hw-mul\libsmallc.a(lib_a-fvwrite_small_dev.o)
 .data          0x0000a5d8       0xe0 c:/altera/13.0sp1/nios2eds/bin/gnu/h-i686-mingw32/bin/../lib/gcc/nios2-elf/4.1.2/../../../../nios2-elf/lib/mno-hw-mul\libsmallc.a(lib_a-impure.o)
 .data          0x0000a6b8        0x0 c:/altera/13.0sp1/nios2eds/bin/gnu/h-i686-mingw32/bin/../lib/gcc/nios2-elf/4.1.2/../../../../nios2-elf/lib/mno-hw-mul\libsmallc.a(lib_a-putc.o)
 .data          0x0000a6b8        0x0 c:/altera/13.0sp1/nios2eds/bin/gnu/h-i686-mingw32/bin/../lib/gcc/nios2-elf/4.1.2/../../../../nios2-elf/lib/mno-hw-mul\libsmallc.a(lib_a-writer.o)
 .data          0x0000a6b8        0x0 c:/altera/13.0sp1/nios2eds/bin/gnu/h-i686-mingw32/bin/../lib/gcc/nios2-elf/4.1.2/../../../../nios2-elf/lib/mno-hw-mul\libsmallc.a(lib_a-int_errno.o)
 .data          0x0000a6b8        0x0 c:/altera/13.0sp1/nios2eds/bin/gnu/h-i686-mingw32/bin/../lib/gcc/nios2-elf/4.1.2/mno-hw-mul\libgcc.a(lib2-divmod.o)
 .data          0x0000a6b8        0x0 c:/altera/13.0sp1/nios2eds/bin/gnu/h-i686-mingw32/bin/../lib/gcc/nios2-elf/4.1.2/mno-hw-mul\libgcc.a(lib2-mul.o)
 .data          0x0000a6b8        0x0 ../sha_bsp/\libhal_bsp.a(alt_load.o)
 .data          0x0000a6b8        0x0 ../sha_bsp/\libhal_bsp.a(alt_main.o)
 .data          0x0000a6b8        0x0 ../sha_bsp/\libhal_bsp.a(alt_write.o)
 .data          0x0000a6b8       0x2c ../sha_bsp/\libhal_bsp.a(alt_sys_init.o)
 .data          0x0000a6e4        0x0 ../sha_bsp/\libhal_bsp.a(altera_avalon_jtag_uart_fd.o)
 .data          0x0000a6e4        0x0 ../sha_bsp/\libhal_bsp.a(altera_avalon_jtag_uart_read.o)
 .data          0x0000a6e4        0x0 ../sha_bsp/\libhal_bsp.a(altera_avalon_jtag_uart_write.o)
 .data          0x0000a6e4        0x0 ../sha_bsp/\libhal_bsp.a(alt_close.o)
 .data          0x0000a6e4        0x0 ../sha_bsp/\libhal_bsp.a(alt_dcache_flush_all.o)
 .data          0x0000a6e4      0x1a8 ../sha_bsp/\libhal_bsp.a(alt_dev.o)
                0x0000a6e4                alt_dev_null
                0x0000a70c                alt_fd_list
 .data          0x0000a88c        0x0 ../sha_bsp/\libhal_bsp.a(alt_dev_llist_insert.o)
 .data          0x0000a88c        0x0 ../sha_bsp/\libhal_bsp.a(alt_do_ctors.o)
 .data          0x0000a88c        0x0 ../sha_bsp/\libhal_bsp.a(alt_do_dtors.o)
 .data          0x0000a88c        0x0 ../sha_bsp/\libhal_bsp.a(alt_errno.o)
 .data          0x0000a88c        0x0 ../sha_bsp/\libhal_bsp.a(alt_icache_flush_all.o)
 .data          0x0000a88c        0x0 ../sha_bsp/\libhal_bsp.a(alt_io_redirect.o)
 .data          0x0000a88c        0x0 ../sha_bsp/\libhal_bsp.a(alt_open.o)
 .data          0x0000a88c        0x0 ../sha_bsp/\libhal_bsp.a(alt_release_fd.o)
 .data          0x0000a88c        0x0 ../sha_bsp/\libhal_bsp.a(altera_nios2_qsys_irq.o)
 .data          0x0000a88c        0x0 ../sha_bsp/\libhal_bsp.a(alt_find_dev.o)
 .data          0x0000a88c        0x0 ../sha_bsp/\libhal_bsp.a(alt_find_file.o)
 .data          0x0000a88c        0x0 ../sha_bsp/\libhal_bsp.a(alt_get_fd.o)
 .data          0x0000a88c        0x0 c:/altera/13.0sp1/nios2eds/bin/gnu/h-i686-mingw32/bin/../lib/gcc/nios2-elf/4.1.2/../../../../nios2-elf/lib/mno-hw-mul\libsmallc.a(lib_a-atexit.o)
 .data          0x0000a88c        0x0 c:/altera/13.0sp1/nios2eds/bin/gnu/h-i686-mingw32/bin/../lib/gcc/nios2-elf/4.1.2/../../../../nios2-elf/lib/mno-hw-mul\libsmallc.a(lib_a-exit.o)
 .data          0x0000a88c        0x0 c:/altera/13.0sp1/nios2eds/bin/gnu/h-i686-mingw32/bin/../lib/gcc/nios2-elf/4.1.2/../../../../nios2-elf/lib/mno-hw-mul\libsmallc.a(lib_a-memcmp.o)
 .data          0x0000a88c        0x0 c:/altera/13.0sp1/nios2eds/bin/gnu/h-i686-mingw32/bin/../lib/gcc/nios2-elf/4.1.2/../../../../nios2-elf/lib/mno-hw-mul\libsmallc.a(lib_a-__atexit.o)
 .data          0x0000a88c        0x0 c:/altera/13.0sp1/nios2eds/bin/gnu/h-i686-mingw32/bin/../lib/gcc/nios2-elf/4.1.2/../../../../nios2-elf/lib/mno-hw-mul\libsmallc.a(lib_a-__call_atexit.o)
 .data          0x0000a88c        0x0 ../sha_bsp/\libhal_bsp.a(alt_exit.o)
                0x0001288c                _gp = ABSOLUTE ((. + 0x8000))
                0x0001288c                PROVIDE (gp, _gp)
 *(.rwdata .rwdata.*)
 *(.sdata .sdata.* .gnu.linkonce.s.*)
 .sdata         0x0000a88c        0x8 c:/altera/13.0sp1/nios2eds/bin/gnu/h-i686-mingw32/bin/../lib/gcc/nios2-elf/4.1.2/../../../../nios2-elf/lib/mno-hw-mul\libsmallc.a(lib_a-impure.o)
                0x0000a88c                _impure_ptr
                0x0000a890                _global_impure_ptr
 .sdata         0x0000a894       0x14 ../sha_bsp/\libhal_bsp.a(alt_dev.o)
                0x0000a894                alt_fs_list
                0x0000a89c                alt_dev_list
                0x0000a8a4                alt_max_fd
 .sdata         0x0000a8a8        0x4 ../sha_bsp/\libhal_bsp.a(alt_errno.o)
                0x0000a8a8                alt_errno
 *(.sdata2 .sdata2.* .gnu.linkonce.s2.*)
                0x0000a8ac                . = ALIGN (0x4)
                0x0000a8ac                _edata = ABSOLUTE (.)
                0x0000a8ac                PROVIDE (edata, ABSOLUTE (.))
                0x0000a8ac                PROVIDE (__ram_rwdata_end, ABSOLUTE (.))
                0x0000a8ac                PROVIDE (__flash_rwdata_start, LOADADDR (.rwdata))

.bss            0x0000ab80       0x9c
                0x0000ab80                __bss_start = ABSOLUTE (.)
                0x0000ab80                PROVIDE (__sbss_start, ABSOLUTE (.))
                0x0000ab80                PROVIDE (___sbss_start, ABSOLUTE (.))
 *(.dynsbss)
 *(.sbss .sbss.* .gnu.linkonce.sb.*)
 .sbss          0x0000ab80        0x4 c:/altera/13.0sp1/nios2eds/bin/gnu/h-i686-mingw32/bin/../lib/gcc/nios2-elf/4.1.2/../../../../nios2-elf/lib/mno-hw-mul\libsmallc.a(lib_a-int_errno.o)
                0x0000ab80                errno
 .sbss          0x0000ab84        0xc ../sha_bsp/\libhal_bsp.a(alt_main.o)
                0x0000ab84                alt_argc
                0x0000ab88                alt_argv
                0x0000ab8c                alt_envp
 *(.sbss2 .sbss2.* .gnu.linkonce.sb2.*)
 *(.scommon)
                0x0000ab90                PROVIDE (__sbss_end, ABSOLUTE (.))
                0x0000ab90                PROVIDE (___sbss_end, ABSOLUTE (.))
 *(.dynbss)
 *(.bss .bss.* .gnu.linkonce.b.*)
 .bss           0x0000ab90        0x0 ../sha_bsp//obj/HAL/src/crt0.o
 .bss           0x0000ab90        0x0 obj/default/source.o
 .bss           0x0000ab90        0x0 c:/altera/13.0sp1/nios2eds/bin/gnu/h-i686-mingw32/bin/../lib/gcc/nios2-elf/4.1.2/../../../../nios2-elf/lib/mno-hw-mul\libsmallc.a(lib_a-printf.o)
 .bss           0x0000ab90        0x0 c:/altera/13.0sp1/nios2eds/bin/gnu/h-i686-mingw32/bin/../lib/gcc/nios2-elf/4.1.2/../../../../nios2-elf/lib/mno-hw-mul\libsmallc.a(lib_a-putchar.o)
 .bss           0x0000ab90        0x0 c:/altera/13.0sp1/nios2eds/bin/gnu/h-i686-mingw32/bin/../lib/gcc/nios2-elf/4.1.2/../../../../nios2-elf/lib/mno-hw-mul\libsmallc.a(lib_a-puts.o)
 .bss           0x0000ab90        0x0 c:/altera/13.0sp1/nios2eds/bin/gnu/h-i686-mingw32/bin/../lib/gcc/nios2-elf/4.1.2/../../../../nios2-elf/lib/mno-hw-mul\libsmallc.a(lib_a-strlen.o)
 .bss           0x0000ab90        0x0 c:/altera/13.0sp1/nios2eds/bin/gnu/h-i686-mingw32/bin/../lib/gcc/nios2-elf/4.1.2/../../../../nios2-elf/lib/mno-hw-mul\libsmallc.a(lib_a-vfprintf.o)
 .bss           0x0000ab90        0x0 c:/altera/13.0sp1/nios2eds/bin/gnu/h-i686-mingw32/bin/../lib/gcc/nios2-elf/4.1.2/../../../../nios2-elf/lib/mno-hw-mul\libsmallc.a(lib_a-fvwrite_small_dev.o)
 .bss           0x0000ab90        0x0 c:/altera/13.0sp1/nios2eds/bin/gnu/h-i686-mingw32/bin/../lib/gcc/nios2-elf/4.1.2/../../../../nios2-elf/lib/mno-hw-mul\libsmallc.a(lib_a-impure.o)
 .bss           0x0000ab90        0x0 c:/altera/13.0sp1/nios2eds/bin/gnu/h-i686-mingw32/bin/../lib/gcc/nios2-elf/4.1.2/../../../../nios2-elf/lib/mno-hw-mul\libsmallc.a(lib_a-putc.o)
 .bss           0x0000ab90        0x0 c:/altera/13.0sp1/nios2eds/bin/gnu/h-i686-mingw32/bin/../lib/gcc/nios2-elf/4.1.2/../../../../nios2-elf/lib/mno-hw-mul\libsmallc.a(lib_a-writer.o)
 .bss           0x0000ab90        0x0 c:/altera/13.0sp1/nios2eds/bin/gnu/h-i686-mingw32/bin/../lib/gcc/nios2-elf/4.1.2/../../../../nios2-elf/lib/mno-hw-mul\libsmallc.a(lib_a-int_errno.o)
 .bss           0x0000ab90        0x0 c:/altera/13.0sp1/nios2eds/bin/gnu/h-i686-mingw32/bin/../lib/gcc/nios2-elf/4.1.2/mno-hw-mul\libgcc.a(lib2-divmod.o)
 .bss           0x0000ab90        0x0 c:/altera/13.0sp1/nios2eds/bin/gnu/h-i686-mingw32/bin/../lib/gcc/nios2-elf/4.1.2/mno-hw-mul\libgcc.a(lib2-mul.o)
 .bss           0x0000ab90        0x0 ../sha_bsp/\libhal_bsp.a(alt_load.o)
 .bss           0x0000ab90        0x0 ../sha_bsp/\libhal_bsp.a(alt_main.o)
 .bss           0x0000ab90        0x0 ../sha_bsp/\libhal_bsp.a(alt_write.o)
 .bss           0x0000ab90        0x0 ../sha_bsp/\libhal_bsp.a(alt_sys_init.o)
 .bss           0x0000ab90        0x0 ../sha_bsp/\libhal_bsp.a(altera_avalon_jtag_uart_fd.o)
 .bss           0x0000ab90        0x0 ../sha_bsp/\libhal_bsp.a(altera_avalon_jtag_uart_read.o)
 .bss           0x0000ab90        0x0 ../sha_bsp/\libhal_bsp.a(altera_avalon_jtag_uart_write.o)
 .bss           0x0000ab90        0x0 ../sha_bsp/\libhal_bsp.a(alt_close.o)
 .bss           0x0000ab90        0x0 ../sha_bsp/\libhal_bsp.a(alt_dcache_flush_all.o)
 .bss           0x0000ab90        0x0 ../sha_bsp/\libhal_bsp.a(alt_dev.o)
 .bss           0x0000ab90        0x0 ../sha_bsp/\libhal_bsp.a(alt_dev_llist_insert.o)
 .bss           0x0000ab90        0x0 ../sha_bsp/\libhal_bsp.a(alt_do_ctors.o)
 .bss           0x0000ab90        0x0 ../sha_bsp/\libhal_bsp.a(alt_do_dtors.o)
 .bss           0x0000ab90        0x0 ../sha_bsp/\libhal_bsp.a(alt_errno.o)
 .bss           0x0000ab90        0x0 ../sha_bsp/\libhal_bsp.a(alt_icache_flush_all.o)
 .bss           0x0000ab90        0x0 ../sha_bsp/\libhal_bsp.a(alt_io_redirect.o)
 .bss           0x0000ab90        0x0 ../sha_bsp/\libhal_bsp.a(alt_open.o)
 .bss           0x0000ab90        0x0 ../sha_bsp/\libhal_bsp.a(alt_release_fd.o)
 .bss           0x0000ab90        0x0 ../sha_bsp/\libhal_bsp.a(altera_nios2_qsys_irq.o)
 .bss           0x0000ab90        0x0 ../sha_bsp/\libhal_bsp.a(alt_find_dev.o)
 .bss           0x0000ab90        0x0 ../sha_bsp/\libhal_bsp.a(alt_find_file.o)
 .bss           0x0000ab90        0x0 ../sha_bsp/\libhal_bsp.a(alt_get_fd.o)
 .bss           0x0000ab90        0x0 c:/altera/13.0sp1/nios2eds/bin/gnu/h-i686-mingw32/bin/../lib/gcc/nios2-elf/4.1.2/../../../../nios2-elf/lib/mno-hw-mul\libsmallc.a(lib_a-atexit.o)
 .bss           0x0000ab90        0x0 c:/altera/13.0sp1/nios2eds/bin/gnu/h-i686-mingw32/bin/../lib/gcc/nios2-elf/4.1.2/../../../../nios2-elf/lib/mno-hw-mul\libsmallc.a(lib_a-exit.o)
 .bss           0x0000ab90        0x0 c:/altera/13.0sp1/nios2eds/bin/gnu/h-i686-mingw32/bin/../lib/gcc/nios2-elf/4.1.2/../../../../nios2-elf/lib/mno-hw-mul\libsmallc.a(lib_a-memcmp.o)
 .bss           0x0000ab90        0x0 c:/altera/13.0sp1/nios2eds/bin/gnu/h-i686-mingw32/bin/../lib/gcc/nios2-elf/4.1.2/../../../../nios2-elf/lib/mno-hw-mul\libsmallc.a(lib_a-__atexit.o)
 .bss           0x0000ab90        0x0 c:/altera/13.0sp1/nios2eds/bin/gnu/h-i686-mingw32/bin/../lib/gcc/nios2-elf/4.1.2/../../../../nios2-elf/lib/mno-hw-mul\libsmallc.a(lib_a-__call_atexit.o)
 .bss           0x0000ab90        0x0 ../sha_bsp/\libhal_bsp.a(alt_exit.o)
 *(COMMON)
 COMMON         0x0000ab90       0x8c c:/altera/13.0sp1/nios2eds/bin/gnu/h-i686-mingw32/bin/../lib/gcc/nios2-elf/4.1.2/../../../../nios2-elf/lib/mno-hw-mul\libsmallc.a(lib_a-atexit.o)
                0x0000ab90                _atexit0
                0x0000ac1c                . = ALIGN (0x4)
                0x0000ac1c                __bss_end = ABSOLUTE (.)

.onchip_memory2_0
                0x0000ac1c        0x0
                0x0000ac1c                PROVIDE (_alt_partition_onchip_memory2_0_start, ABSOLUTE (.))
 *(.onchip_memory2_0. onchip_memory2_0.*)
                0x0000ac1c                . = ALIGN (0x4)
                0x0000ac1c                PROVIDE (_alt_partition_onchip_memory2_0_end, ABSOLUTE (.))
                0x0000ac1c                _end = ABSOLUTE (.)
                0x0000ac1c                end = ABSOLUTE (.)
                0x0000ac1c                __alt_stack_base = ABSOLUTE (.)
                0x0000ac1c                PROVIDE (_alt_partition_onchip_memory2_0_load_addr, LOADADDR (.onchip_memory2_0))

.stab
 *(.stab)

.stabstr
 *(.stabstr)

.stab.excl
 *(.stab.excl)

.stab.exclstr
 *(.stab.exclstr)

.stab.index
 *(.stab.index)

.stab.indexstr
 *(.stab.indexstr)

.comment        0x00000000       0x26
 *(.comment)
 .comment       0x00000000       0x26 obj/default/source.o
                                 0x27 (size before relaxing)
 .comment       0x00000000       0x27 c:/altera/13.0sp1/nios2eds/bin/gnu/h-i686-mingw32/bin/../lib/gcc/nios2-elf/4.1.2/../../../../nios2-elf/lib/mno-hw-mul\libsmallc.a(lib_a-printf.o)
 .comment       0x00000000       0x27 c:/altera/13.0sp1/nios2eds/bin/gnu/h-i686-mingw32/bin/../lib/gcc/nios2-elf/4.1.2/../../../../nios2-elf/lib/mno-hw-mul\libsmallc.a(lib_a-putchar.o)
 .comment       0x00000000       0x27 c:/altera/13.0sp1/nios2eds/bin/gnu/h-i686-mingw32/bin/../lib/gcc/nios2-elf/4.1.2/../../../../nios2-elf/lib/mno-hw-mul\libsmallc.a(lib_a-puts.o)
 .comment       0x00000000       0x27 c:/altera/13.0sp1/nios2eds/bin/gnu/h-i686-mingw32/bin/../lib/gcc/nios2-elf/4.1.2/../../../../nios2-elf/lib/mno-hw-mul\libsmallc.a(lib_a-strlen.o)
 .comment       0x00000000       0x27 c:/altera/13.0sp1/nios2eds/bin/gnu/h-i686-mingw32/bin/../lib/gcc/nios2-elf/4.1.2/../../../../nios2-elf/lib/mno-hw-mul\libsmallc.a(lib_a-vfprintf.o)
 .comment       0x00000000       0x27 c:/altera/13.0sp1/nios2eds/bin/gnu/h-i686-mingw32/bin/../lib/gcc/nios2-elf/4.1.2/../../../../nios2-elf/lib/mno-hw-mul\libsmallc.a(lib_a-fvwrite_small_dev.o)
 .comment       0x00000000       0x27 c:/altera/13.0sp1/nios2eds/bin/gnu/h-i686-mingw32/bin/../lib/gcc/nios2-elf/4.1.2/../../../../nios2-elf/lib/mno-hw-mul\libsmallc.a(lib_a-impure.o)
 .comment       0x00000000       0x27 c:/altera/13.0sp1/nios2eds/bin/gnu/h-i686-mingw32/bin/../lib/gcc/nios2-elf/4.1.2/../../../../nios2-elf/lib/mno-hw-mul\libsmallc.a(lib_a-putc.o)
 .comment       0x00000000       0x27 c:/altera/13.0sp1/nios2eds/bin/gnu/h-i686-mingw32/bin/../lib/gcc/nios2-elf/4.1.2/../../../../nios2-elf/lib/mno-hw-mul\libsmallc.a(lib_a-writer.o)
 .comment       0x00000000       0x27 c:/altera/13.0sp1/nios2eds/bin/gnu/h-i686-mingw32/bin/../lib/gcc/nios2-elf/4.1.2/../../../../nios2-elf/lib/mno-hw-mul\libsmallc.a(lib_a-int_errno.o)
 .comment       0x00000000       0x27 c:/altera/13.0sp1/nios2eds/bin/gnu/h-i686-mingw32/bin/../lib/gcc/nios2-elf/4.1.2/mno-hw-mul\libgcc.a(lib2-divmod.o)
 .comment       0x00000000       0x27 c:/altera/13.0sp1/nios2eds/bin/gnu/h-i686-mingw32/bin/../lib/gcc/nios2-elf/4.1.2/mno-hw-mul\libgcc.a(lib2-mul.o)
 .comment       0x00000000       0x27 ../sha_bsp/\libhal_bsp.a(alt_load.o)
 .comment       0x00000000       0x27 ../sha_bsp/\libhal_bsp.a(alt_main.o)
 .comment       0x00000000       0x27 ../sha_bsp/\libhal_bsp.a(alt_write.o)
 .comment       0x00000000       0x27 ../sha_bsp/\libhal_bsp.a(alt_sys_init.o)
 .comment       0x00000000       0x27 ../sha_bsp/\libhal_bsp.a(altera_avalon_jtag_uart_fd.o)
 .comment       0x00000000       0x27 ../sha_bsp/\libhal_bsp.a(altera_avalon_jtag_uart_read.o)
 .comment       0x00000000       0x27 ../sha_bsp/\libhal_bsp.a(altera_avalon_jtag_uart_write.o)
 .comment       0x00000000       0x27 ../sha_bsp/\libhal_bsp.a(alt_close.o)
 .comment       0x00000000       0x27 ../sha_bsp/\libhal_bsp.a(alt_dcache_flush_all.o)
 .comment       0x00000000       0x27 ../sha_bsp/\libhal_bsp.a(alt_dev.o)
 .comment       0x00000000       0x27 ../sha_bsp/\libhal_bsp.a(alt_dev_llist_insert.o)
 .comment       0x00000000       0x27 ../sha_bsp/\libhal_bsp.a(alt_do_ctors.o)
 .comment       0x00000000       0x27 ../sha_bsp/\libhal_bsp.a(alt_do_dtors.o)
 .comment       0x00000000       0x27 ../sha_bsp/\libhal_bsp.a(alt_errno.o)
 .comment       0x00000000       0x27 ../sha_bsp/\libhal_bsp.a(alt_icache_flush_all.o)
 .comment       0x00000000       0x27 ../sha_bsp/\libhal_bsp.a(alt_io_redirect.o)
 .comment       0x00000000       0x27 ../sha_bsp/\libhal_bsp.a(alt_open.o)
 .comment       0x00000000       0x27 ../sha_bsp/\libhal_bsp.a(alt_release_fd.o)
 .comment       0x00000000       0x27 ../sha_bsp/\libhal_bsp.a(altera_nios2_qsys_irq.o)
 .comment       0x00000000       0x27 ../sha_bsp/\libhal_bsp.a(alt_find_dev.o)
 .comment       0x00000000       0x27 ../sha_bsp/\libhal_bsp.a(alt_find_file.o)
 .comment       0x00000000       0x27 ../sha_bsp/\libhal_bsp.a(alt_get_fd.o)
 .comment       0x00000000       0x27 c:/altera/13.0sp1/nios2eds/bin/gnu/h-i686-mingw32/bin/../lib/gcc/nios2-elf/4.1.2/../../../../nios2-elf/lib/mno-hw-mul\libsmallc.a(lib_a-atexit.o)
 .comment       0x00000000       0x27 c:/altera/13.0sp1/nios2eds/bin/gnu/h-i686-mingw32/bin/../lib/gcc/nios2-elf/4.1.2/../../../../nios2-elf/lib/mno-hw-mul\libsmallc.a(lib_a-exit.o)
 .comment       0x00000000       0x27 c:/altera/13.0sp1/nios2eds/bin/gnu/h-i686-mingw32/bin/../lib/gcc/nios2-elf/4.1.2/../../../../nios2-elf/lib/mno-hw-mul\libsmallc.a(lib_a-memcmp.o)
 .comment       0x00000000       0x27 c:/altera/13.0sp1/nios2eds/bin/gnu/h-i686-mingw32/bin/../lib/gcc/nios2-elf/4.1.2/../../../../nios2-elf/lib/mno-hw-mul\libsmallc.a(lib_a-__atexit.o)
 .comment       0x00000000       0x27 c:/altera/13.0sp1/nios2eds/bin/gnu/h-i686-mingw32/bin/../lib/gcc/nios2-elf/4.1.2/../../../../nios2-elf/lib/mno-hw-mul\libsmallc.a(lib_a-__call_atexit.o)
 .comment       0x00000000       0x27 ../sha_bsp/\libhal_bsp.a(alt_exit.o)

.debug
 *(.debug)

.line
 *(.line)

.debug_srcinfo
 *(.debug_srcinfo)

.debug_sfnames
 *(.debug_sfnames)

.debug_aranges  0x00000000      0x4e8
 *(.debug_aranges)
 .debug_aranges
                0x00000000       0x28 ../sha_bsp//obj/HAL/src/crt0.o
 .debug_aranges
                0x00000028       0x20 obj/default/source.o
 .debug_aranges
                0x00000048       0x20 c:/altera/13.0sp1/nios2eds/bin/gnu/h-i686-mingw32/bin/../lib/gcc/nios2-elf/4.1.2/../../../../nios2-elf/lib/mno-hw-mul\libsmallc.a(lib_a-printf.o)
 .debug_aranges
                0x00000068       0x20 c:/altera/13.0sp1/nios2eds/bin/gnu/h-i686-mingw32/bin/../lib/gcc/nios2-elf/4.1.2/../../../../nios2-elf/lib/mno-hw-mul\libsmallc.a(lib_a-putchar.o)
 .debug_aranges
                0x00000088       0x20 c:/altera/13.0sp1/nios2eds/bin/gnu/h-i686-mingw32/bin/../lib/gcc/nios2-elf/4.1.2/../../../../nios2-elf/lib/mno-hw-mul\libsmallc.a(lib_a-puts.o)
 .debug_aranges
                0x000000a8       0x20 c:/altera/13.0sp1/nios2eds/bin/gnu/h-i686-mingw32/bin/../lib/gcc/nios2-elf/4.1.2/../../../../nios2-elf/lib/mno-hw-mul\libsmallc.a(lib_a-strlen.o)
 .debug_aranges
                0x000000c8       0x20 c:/altera/13.0sp1/nios2eds/bin/gnu/h-i686-mingw32/bin/../lib/gcc/nios2-elf/4.1.2/../../../../nios2-elf/lib/mno-hw-mul\libsmallc.a(lib_a-vfprintf.o)
 .debug_aranges
                0x000000e8       0x20 c:/altera/13.0sp1/nios2eds/bin/gnu/h-i686-mingw32/bin/../lib/gcc/nios2-elf/4.1.2/../../../../nios2-elf/lib/mno-hw-mul\libsmallc.a(lib_a-fvwrite_small_dev.o)
 .debug_aranges
                0x00000108       0x20 c:/altera/13.0sp1/nios2eds/bin/gnu/h-i686-mingw32/bin/../lib/gcc/nios2-elf/4.1.2/../../../../nios2-elf/lib/mno-hw-mul\libsmallc.a(lib_a-putc.o)
 .debug_aranges
                0x00000128       0x20 c:/altera/13.0sp1/nios2eds/bin/gnu/h-i686-mingw32/bin/../lib/gcc/nios2-elf/4.1.2/../../../../nios2-elf/lib/mno-hw-mul\libsmallc.a(lib_a-writer.o)
 .debug_aranges
                0x00000148       0x20 c:/altera/13.0sp1/nios2eds/bin/gnu/h-i686-mingw32/bin/../lib/gcc/nios2-elf/4.1.2/mno-hw-mul\libgcc.a(lib2-divmod.o)
 .debug_aranges
                0x00000168       0x20 c:/altera/13.0sp1/nios2eds/bin/gnu/h-i686-mingw32/bin/../lib/gcc/nios2-elf/4.1.2/mno-hw-mul\libgcc.a(lib2-mul.o)
 .debug_aranges
                0x00000188       0x20 ../sha_bsp/\libhal_bsp.a(alt_load.o)
 .debug_aranges
                0x000001a8       0x20 ../sha_bsp/\libhal_bsp.a(alt_main.o)
 .debug_aranges
                0x000001c8       0x20 ../sha_bsp/\libhal_bsp.a(alt_write.o)
 .debug_aranges
                0x000001e8       0x20 ../sha_bsp/\libhal_bsp.a(alt_sys_init.o)
 .debug_aranges
                0x00000208       0x20 ../sha_bsp/\libhal_bsp.a(altera_avalon_jtag_uart_fd.o)
 .debug_aranges
                0x00000228       0x20 ../sha_bsp/\libhal_bsp.a(altera_avalon_jtag_uart_read.o)
 .debug_aranges
                0x00000248       0x20 ../sha_bsp/\libhal_bsp.a(altera_avalon_jtag_uart_write.o)
 .debug_aranges
                0x00000268       0x20 ../sha_bsp/\libhal_bsp.a(alt_close.o)
 .debug_aranges
                0x00000288       0x20 ../sha_bsp/\libhal_bsp.a(alt_dcache_flush_all.o)
 .debug_aranges
                0x000002a8       0x20 ../sha_bsp/\libhal_bsp.a(alt_dev.o)
 .debug_aranges
                0x000002c8       0x20 ../sha_bsp/\libhal_bsp.a(alt_dev_llist_insert.o)
 .debug_aranges
                0x000002e8       0x20 ../sha_bsp/\libhal_bsp.a(alt_do_ctors.o)
 .debug_aranges
                0x00000308       0x20 ../sha_bsp/\libhal_bsp.a(alt_do_dtors.o)
 .debug_aranges
                0x00000328       0x20 ../sha_bsp/\libhal_bsp.a(alt_icache_flush_all.o)
 .debug_aranges
                0x00000348       0x20 ../sha_bsp/\libhal_bsp.a(alt_io_redirect.o)
 .debug_aranges
                0x00000368       0x20 ../sha_bsp/\libhal_bsp.a(alt_open.o)
 .debug_aranges
                0x00000388       0x20 ../sha_bsp/\libhal_bsp.a(alt_release_fd.o)
 .debug_aranges
                0x000003a8       0x20 ../sha_bsp/\libhal_bsp.a(altera_nios2_qsys_irq.o)
 .debug_aranges
                0x000003c8       0x20 ../sha_bsp/\libhal_bsp.a(alt_find_dev.o)
 .debug_aranges
                0x000003e8       0x20 ../sha_bsp/\libhal_bsp.a(alt_find_file.o)
 .debug_aranges
                0x00000408       0x20 ../sha_bsp/\libhal_bsp.a(alt_get_fd.o)
 .debug_aranges
                0x00000428       0x20 c:/altera/13.0sp1/nios2eds/bin/gnu/h-i686-mingw32/bin/../lib/gcc/nios2-elf/4.1.2/../../../../nios2-elf/lib/mno-hw-mul\libsmallc.a(lib_a-atexit.o)
 .debug_aranges
                0x00000448       0x20 c:/altera/13.0sp1/nios2eds/bin/gnu/h-i686-mingw32/bin/../lib/gcc/nios2-elf/4.1.2/../../../../nios2-elf/lib/mno-hw-mul\libsmallc.a(lib_a-exit.o)
 .debug_aranges
                0x00000468       0x20 c:/altera/13.0sp1/nios2eds/bin/gnu/h-i686-mingw32/bin/../lib/gcc/nios2-elf/4.1.2/../../../../nios2-elf/lib/mno-hw-mul\libsmallc.a(lib_a-memcmp.o)
 .debug_aranges
                0x00000488       0x20 c:/altera/13.0sp1/nios2eds/bin/gnu/h-i686-mingw32/bin/../lib/gcc/nios2-elf/4.1.2/../../../../nios2-elf/lib/mno-hw-mul\libsmallc.a(lib_a-__atexit.o)
 .debug_aranges
                0x000004a8       0x20 c:/altera/13.0sp1/nios2eds/bin/gnu/h-i686-mingw32/bin/../lib/gcc/nios2-elf/4.1.2/../../../../nios2-elf/lib/mno-hw-mul\libsmallc.a(lib_a-__call_atexit.o)
 .debug_aranges
                0x000004c8       0x20 ../sha_bsp/\libhal_bsp.a(alt_exit.o)

.debug_pubnames
                0x00000000      0x6fc
 *(.debug_pubnames)
 .debug_pubnames
                0x00000000       0x49 obj/default/source.o
 .debug_pubnames
                0x00000049       0x2b c:/altera/13.0sp1/nios2eds/bin/gnu/h-i686-mingw32/bin/../lib/gcc/nios2-elf/4.1.2/../../../../nios2-elf/lib/mno-hw-mul\libsmallc.a(lib_a-printf.o)
 .debug_pubnames
                0x00000074       0x2d c:/altera/13.0sp1/nios2eds/bin/gnu/h-i686-mingw32/bin/../lib/gcc/nios2-elf/4.1.2/../../../../nios2-elf/lib/mno-hw-mul\libsmallc.a(lib_a-putchar.o)
 .debug_pubnames
                0x000000a1       0x27 c:/altera/13.0sp1/nios2eds/bin/gnu/h-i686-mingw32/bin/../lib/gcc/nios2-elf/4.1.2/../../../../nios2-elf/lib/mno-hw-mul\libsmallc.a(lib_a-puts.o)
 .debug_pubnames
                0x000000c8       0x1d c:/altera/13.0sp1/nios2eds/bin/gnu/h-i686-mingw32/bin/../lib/gcc/nios2-elf/4.1.2/../../../../nios2-elf/lib/mno-hw-mul\libsmallc.a(lib_a-strlen.o)
 .debug_pubnames
                0x000000e5       0x45 c:/altera/13.0sp1/nios2eds/bin/gnu/h-i686-mingw32/bin/../lib/gcc/nios2-elf/4.1.2/../../../../nios2-elf/lib/mno-hw-mul\libsmallc.a(lib_a-vfprintf.o)
 .debug_pubnames
                0x0000012a       0x2b c:/altera/13.0sp1/nios2eds/bin/gnu/h-i686-mingw32/bin/../lib/gcc/nios2-elf/4.1.2/../../../../nios2-elf/lib/mno-hw-mul\libsmallc.a(lib_a-fvwrite_small_dev.o)
 .debug_pubnames
                0x00000155       0x39 c:/altera/13.0sp1/nios2eds/bin/gnu/h-i686-mingw32/bin/../lib/gcc/nios2-elf/4.1.2/../../../../nios2-elf/lib/mno-hw-mul\libsmallc.a(lib_a-impure.o)
 .debug_pubnames
                0x0000018e       0x27 c:/altera/13.0sp1/nios2eds/bin/gnu/h-i686-mingw32/bin/../lib/gcc/nios2-elf/4.1.2/../../../../nios2-elf/lib/mno-hw-mul\libsmallc.a(lib_a-putc.o)
 .debug_pubnames
                0x000001b5       0x1f c:/altera/13.0sp1/nios2eds/bin/gnu/h-i686-mingw32/bin/../lib/gcc/nios2-elf/4.1.2/../../../../nios2-elf/lib/mno-hw-mul\libsmallc.a(lib_a-writer.o)
 .debug_pubnames
                0x000001d4       0x1c c:/altera/13.0sp1/nios2eds/bin/gnu/h-i686-mingw32/bin/../lib/gcc/nios2-elf/4.1.2/../../../../nios2-elf/lib/mno-hw-mul\libsmallc.a(lib_a-int_errno.o)
 .debug_pubnames
                0x000001f0       0x48 c:/altera/13.0sp1/nios2eds/bin/gnu/h-i686-mingw32/bin/../lib/gcc/nios2-elf/4.1.2/mno-hw-mul\libgcc.a(lib2-divmod.o)
 .debug_pubnames
                0x00000238       0x1f c:/altera/13.0sp1/nios2eds/bin/gnu/h-i686-mingw32/bin/../lib/gcc/nios2-elf/4.1.2/mno-hw-mul\libgcc.a(lib2-mul.o)
 .debug_pubnames
                0x00000257       0x1f ../sha_bsp/\libhal_bsp.a(alt_load.o)
 .debug_pubnames
                0x00000276       0x46 ../sha_bsp/\libhal_bsp.a(alt_main.o)
 .debug_pubnames
                0x000002bc       0x1c ../sha_bsp/\libhal_bsp.a(alt_write.o)
 .debug_pubnames
                0x000002d8       0x34 ../sha_bsp/\libhal_bsp.a(alt_sys_init.o)
 .debug_pubnames
                0x0000030c       0x5b ../sha_bsp/\libhal_bsp.a(altera_avalon_jtag_uart_fd.o)
 .debug_pubnames
                0x00000367       0x33 ../sha_bsp/\libhal_bsp.a(altera_avalon_jtag_uart_read.o)
 .debug_pubnames
                0x0000039a       0x34 ../sha_bsp/\libhal_bsp.a(altera_avalon_jtag_uart_write.o)
 .debug_pubnames
                0x000003ce       0x1c ../sha_bsp/\libhal_bsp.a(alt_close.o)
 .debug_pubnames
                0x000003ea       0x2b ../sha_bsp/\libhal_bsp.a(alt_dcache_flush_all.o)
 .debug_pubnames
                0x00000415       0x63 ../sha_bsp/\libhal_bsp.a(alt_dev.o)
 .debug_pubnames
                0x00000478       0x2b ../sha_bsp/\libhal_bsp.a(alt_dev_llist_insert.o)
 .debug_pubnames
                0x000004a3       0x20 ../sha_bsp/\libhal_bsp.a(alt_do_ctors.o)
 .debug_pubnames
                0x000004c3       0x20 ../sha_bsp/\libhal_bsp.a(alt_do_dtors.o)
 .debug_pubnames
                0x000004e3       0x20 ../sha_bsp/\libhal_bsp.a(alt_errno.o)
 .debug_pubnames
                0x00000503       0x2b ../sha_bsp/\libhal_bsp.a(alt_icache_flush_all.o)
 .debug_pubnames
                0x0000052e       0x26 ../sha_bsp/\libhal_bsp.a(alt_io_redirect.o)
 .debug_pubnames
                0x00000554       0x1b ../sha_bsp/\libhal_bsp.a(alt_open.o)
 .debug_pubnames
                0x0000056f       0x25 ../sha_bsp/\libhal_bsp.a(alt_release_fd.o)
 .debug_pubnames
                0x00000594       0x31 ../sha_bsp/\libhal_bsp.a(altera_nios2_qsys_irq.o)
 .debug_pubnames
                0x000005c5       0x23 ../sha_bsp/\libhal_bsp.a(alt_find_dev.o)
 .debug_pubnames
                0x000005e8       0x24 ../sha_bsp/\libhal_bsp.a(alt_find_file.o)
 .debug_pubnames
                0x0000060c       0x21 ../sha_bsp/\libhal_bsp.a(alt_get_fd.o)
 .debug_pubnames
                0x0000062d       0x2a c:/altera/13.0sp1/nios2eds/bin/gnu/h-i686-mingw32/bin/../lib/gcc/nios2-elf/4.1.2/../../../../nios2-elf/lib/mno-hw-mul\libsmallc.a(lib_a-atexit.o)
 .debug_pubnames
                0x00000657       0x1b c:/altera/13.0sp1/nios2eds/bin/gnu/h-i686-mingw32/bin/../lib/gcc/nios2-elf/4.1.2/../../../../nios2-elf/lib/mno-hw-mul\libsmallc.a(lib_a-exit.o)
 .debug_pubnames
                0x00000672       0x1d c:/altera/13.0sp1/nios2eds/bin/gnu/h-i686-mingw32/bin/../lib/gcc/nios2-elf/4.1.2/../../../../nios2-elf/lib/mno-hw-mul\libsmallc.a(lib_a-memcmp.o)
 .debug_pubnames
                0x0000068f       0x2a c:/altera/13.0sp1/nios2eds/bin/gnu/h-i686-mingw32/bin/../lib/gcc/nios2-elf/4.1.2/../../../../nios2-elf/lib/mno-hw-mul\libsmallc.a(lib_a-__atexit.o)
 .debug_pubnames
                0x000006b9       0x27 c:/altera/13.0sp1/nios2eds/bin/gnu/h-i686-mingw32/bin/../lib/gcc/nios2-elf/4.1.2/../../../../nios2-elf/lib/mno-hw-mul\libsmallc.a(lib_a-__call_atexit.o)
 .debug_pubnames
                0x000006e0       0x1c ../sha_bsp/\libhal_bsp.a(alt_exit.o)

.debug_info     0x00000000     0x9ccc
 *(.debug_info .gnu.linkonce.wi.*)
 .debug_info    0x00000000       0x69 ../sha_bsp//obj/HAL/src/crt0.o
 .debug_info    0x00000069      0x247 obj/default/source.o
 .debug_info    0x000002b0      0x6c8 c:/altera/13.0sp1/nios2eds/bin/gnu/h-i686-mingw32/bin/../lib/gcc/nios2-elf/4.1.2/../../../../nios2-elf/lib/mno-hw-mul\libsmallc.a(lib_a-printf.o)
 .debug_info    0x00000978      0x66b c:/altera/13.0sp1/nios2eds/bin/gnu/h-i686-mingw32/bin/../lib/gcc/nios2-elf/4.1.2/../../../../nios2-elf/lib/mno-hw-mul\libsmallc.a(lib_a-putchar.o)
 .debug_info    0x00000fe3      0x685 c:/altera/13.0sp1/nios2eds/bin/gnu/h-i686-mingw32/bin/../lib/gcc/nios2-elf/4.1.2/../../../../nios2-elf/lib/mno-hw-mul\libsmallc.a(lib_a-puts.o)
 .debug_info    0x00001668       0xc2 c:/altera/13.0sp1/nios2eds/bin/gnu/h-i686-mingw32/bin/../lib/gcc/nios2-elf/4.1.2/../../../../nios2-elf/lib/mno-hw-mul\libsmallc.a(lib_a-strlen.o)
 .debug_info    0x0000172a      0x9b6 c:/altera/13.0sp1/nios2eds/bin/gnu/h-i686-mingw32/bin/../lib/gcc/nios2-elf/4.1.2/../../../../nios2-elf/lib/mno-hw-mul\libsmallc.a(lib_a-vfprintf.o)
 .debug_info    0x000020e0      0x68e c:/altera/13.0sp1/nios2eds/bin/gnu/h-i686-mingw32/bin/../lib/gcc/nios2-elf/4.1.2/../../../../nios2-elf/lib/mno-hw-mul\libsmallc.a(lib_a-fvwrite_small_dev.o)
 .debug_info    0x0000276e      0x636 c:/altera/13.0sp1/nios2eds/bin/gnu/h-i686-mingw32/bin/../lib/gcc/nios2-elf/4.1.2/../../../../nios2-elf/lib/mno-hw-mul\libsmallc.a(lib_a-impure.o)
 .debug_info    0x00002da4      0x6b8 c:/altera/13.0sp1/nios2eds/bin/gnu/h-i686-mingw32/bin/../lib/gcc/nios2-elf/4.1.2/../../../../nios2-elf/lib/mno-hw-mul\libsmallc.a(lib_a-putc.o)
 .debug_info    0x0000345c      0x68c c:/altera/13.0sp1/nios2eds/bin/gnu/h-i686-mingw32/bin/../lib/gcc/nios2-elf/4.1.2/../../../../nios2-elf/lib/mno-hw-mul\libsmallc.a(lib_a-writer.o)
 .debug_info    0x00003ae8       0x8c c:/altera/13.0sp1/nios2eds/bin/gnu/h-i686-mingw32/bin/../lib/gcc/nios2-elf/4.1.2/../../../../nios2-elf/lib/mno-hw-mul\libsmallc.a(lib_a-int_errno.o)
 .debug_info    0x00003b74      0x21c c:/altera/13.0sp1/nios2eds/bin/gnu/h-i686-mingw32/bin/../lib/gcc/nios2-elf/4.1.2/mno-hw-mul\libgcc.a(lib2-divmod.o)
 .debug_info    0x00003d90       0xf3 c:/altera/13.0sp1/nios2eds/bin/gnu/h-i686-mingw32/bin/../lib/gcc/nios2-elf/4.1.2/mno-hw-mul\libgcc.a(lib2-mul.o)
 .debug_info    0x00003e83      0x27b ../sha_bsp/\libhal_bsp.a(alt_load.o)
 .debug_info    0x000040fe      0x213 ../sha_bsp/\libhal_bsp.a(alt_main.o)
 .debug_info    0x00004311      0x681 ../sha_bsp/\libhal_bsp.a(alt_write.o)
 .debug_info    0x00004992      0x567 ../sha_bsp/\libhal_bsp.a(alt_sys_init.o)
 .debug_info    0x00004ef9      0x5a7 ../sha_bsp/\libhal_bsp.a(altera_avalon_jtag_uart_fd.o)
 .debug_info    0x000054a0      0x2f7 ../sha_bsp/\libhal_bsp.a(altera_avalon_jtag_uart_read.o)
 .debug_info    0x00005797      0x2d4 ../sha_bsp/\libhal_bsp.a(altera_avalon_jtag_uart_write.o)
 .debug_info    0x00005a6b      0x455 ../sha_bsp/\libhal_bsp.a(alt_close.o)
 .debug_info    0x00005ec0      0x14a ../sha_bsp/\libhal_bsp.a(alt_dcache_flush_all.o)
 .debug_info    0x0000600a      0x66d ../sha_bsp/\libhal_bsp.a(alt_dev.o)
 .debug_info    0x00006677      0x2a5 ../sha_bsp/\libhal_bsp.a(alt_dev_llist_insert.o)
 .debug_info    0x0000691c       0xfd ../sha_bsp/\libhal_bsp.a(alt_do_ctors.o)
 .debug_info    0x00006a19       0xfc ../sha_bsp/\libhal_bsp.a(alt_do_dtors.o)
 .debug_info    0x00006b15      0x152 ../sha_bsp/\libhal_bsp.a(alt_errno.o)
 .debug_info    0x00006c67      0x14a ../sha_bsp/\libhal_bsp.a(alt_icache_flush_all.o)
 .debug_info    0x00006db1      0x683 ../sha_bsp/\libhal_bsp.a(alt_io_redirect.o)
 .debug_info    0x00007434      0x513 ../sha_bsp/\libhal_bsp.a(alt_open.o)
 .debug_info    0x00007947      0x3e0 ../sha_bsp/\libhal_bsp.a(alt_release_fd.o)
 .debug_info    0x00007d27      0x151 ../sha_bsp/\libhal_bsp.a(altera_nios2_qsys_irq.o)
 .debug_info    0x00007e78      0x406 ../sha_bsp/\libhal_bsp.a(alt_find_dev.o)
 .debug_info    0x0000827e      0x40d ../sha_bsp/\libhal_bsp.a(alt_find_file.o)
 .debug_info    0x0000868b      0x44e ../sha_bsp/\libhal_bsp.a(alt_get_fd.o)
 .debug_info    0x00008ad9      0x186 c:/altera/13.0sp1/nios2eds/bin/gnu/h-i686-mingw32/bin/../lib/gcc/nios2-elf/4.1.2/../../../../nios2-elf/lib/mno-hw-mul\libsmallc.a(lib_a-atexit.o)
 .debug_info    0x00008c5f       0x9f c:/altera/13.0sp1/nios2eds/bin/gnu/h-i686-mingw32/bin/../lib/gcc/nios2-elf/4.1.2/../../../../nios2-elf/lib/mno-hw-mul\libsmallc.a(lib_a-exit.o)
 .debug_info    0x00008cfe       0xef c:/altera/13.0sp1/nios2eds/bin/gnu/h-i686-mingw32/bin/../lib/gcc/nios2-elf/4.1.2/../../../../nios2-elf/lib/mno-hw-mul\libsmallc.a(lib_a-memcmp.o)
 .debug_info    0x00008ded      0x68f c:/altera/13.0sp1/nios2eds/bin/gnu/h-i686-mingw32/bin/../lib/gcc/nios2-elf/4.1.2/../../../../nios2-elf/lib/mno-hw-mul\libsmallc.a(lib_a-__atexit.o)
 .debug_info    0x0000947c      0x6d5 c:/altera/13.0sp1/nios2eds/bin/gnu/h-i686-mingw32/bin/../lib/gcc/nios2-elf/4.1.2/../../../../nios2-elf/lib/mno-hw-mul\libsmallc.a(lib_a-__call_atexit.o)
 .debug_info    0x00009b51      0x17b ../sha_bsp/\libhal_bsp.a(alt_exit.o)

.debug_abbrev   0x00000000     0x2429
 *(.debug_abbrev)
 .debug_abbrev  0x00000000       0x12 ../sha_bsp//obj/HAL/src/crt0.o
 .debug_abbrev  0x00000012       0xba obj/default/source.o
 .debug_abbrev  0x000000cc      0x179 c:/altera/13.0sp1/nios2eds/bin/gnu/h-i686-mingw32/bin/../lib/gcc/nios2-elf/4.1.2/../../../../nios2-elf/lib/mno-hw-mul\libsmallc.a(lib_a-printf.o)
 .debug_abbrev  0x00000245      0x158 c:/altera/13.0sp1/nios2eds/bin/gnu/h-i686-mingw32/bin/../lib/gcc/nios2-elf/4.1.2/../../../../nios2-elf/lib/mno-hw-mul\libsmallc.a(lib_a-putchar.o)
 .debug_abbrev  0x0000039d      0x180 c:/altera/13.0sp1/nios2eds/bin/gnu/h-i686-mingw32/bin/../lib/gcc/nios2-elf/4.1.2/../../../../nios2-elf/lib/mno-hw-mul\libsmallc.a(lib_a-puts.o)
 .debug_abbrev  0x0000051d       0x7a c:/altera/13.0sp1/nios2eds/bin/gnu/h-i686-mingw32/bin/../lib/gcc/nios2-elf/4.1.2/../../../../nios2-elf/lib/mno-hw-mul\libsmallc.a(lib_a-strlen.o)
 .debug_abbrev  0x00000597      0x263 c:/altera/13.0sp1/nios2eds/bin/gnu/h-i686-mingw32/bin/../lib/gcc/nios2-elf/4.1.2/../../../../nios2-elf/lib/mno-hw-mul\libsmallc.a(lib_a-vfprintf.o)
 .debug_abbrev  0x000007fa      0x179 c:/altera/13.0sp1/nios2eds/bin/gnu/h-i686-mingw32/bin/../lib/gcc/nios2-elf/4.1.2/../../../../nios2-elf/lib/mno-hw-mul\libsmallc.a(lib_a-fvwrite_small_dev.o)
 .debug_abbrev  0x00000973      0x13f c:/altera/13.0sp1/nios2eds/bin/gnu/h-i686-mingw32/bin/../lib/gcc/nios2-elf/4.1.2/../../../../nios2-elf/lib/mno-hw-mul\libsmallc.a(lib_a-impure.o)
 .debug_abbrev  0x00000ab2      0x167 c:/altera/13.0sp1/nios2eds/bin/gnu/h-i686-mingw32/bin/../lib/gcc/nios2-elf/4.1.2/../../../../nios2-elf/lib/mno-hw-mul\libsmallc.a(lib_a-putc.o)
 .debug_abbrev  0x00000c19      0x16c c:/altera/13.0sp1/nios2eds/bin/gnu/h-i686-mingw32/bin/../lib/gcc/nios2-elf/4.1.2/../../../../nios2-elf/lib/mno-hw-mul\libsmallc.a(lib_a-writer.o)
 .debug_abbrev  0x00000d85       0x3b c:/altera/13.0sp1/nios2eds/bin/gnu/h-i686-mingw32/bin/../lib/gcc/nios2-elf/4.1.2/../../../../nios2-elf/lib/mno-hw-mul\libsmallc.a(lib_a-int_errno.o)
 .debug_abbrev  0x00000dc0       0xe0 c:/altera/13.0sp1/nios2eds/bin/gnu/h-i686-mingw32/bin/../lib/gcc/nios2-elf/4.1.2/mno-hw-mul\libgcc.a(lib2-divmod.o)
 .debug_abbrev  0x00000ea0       0x7b c:/altera/13.0sp1/nios2eds/bin/gnu/h-i686-mingw32/bin/../lib/gcc/nios2-elf/4.1.2/mno-hw-mul\libgcc.a(lib2-mul.o)
 .debug_abbrev  0x00000f1b       0x88 ../sha_bsp/\libhal_bsp.a(alt_load.o)
 .debug_abbrev  0x00000fa3       0xb7 ../sha_bsp/\libhal_bsp.a(alt_main.o)
 .debug_abbrev  0x0000105a      0x100 ../sha_bsp/\libhal_bsp.a(alt_write.o)
 .debug_abbrev  0x0000115a      0x121 ../sha_bsp/\libhal_bsp.a(alt_sys_init.o)
 .debug_abbrev  0x0000127b       0xcb ../sha_bsp/\libhal_bsp.a(altera_avalon_jtag_uart_fd.o)
 .debug_abbrev  0x00001346       0xb6 ../sha_bsp/\libhal_bsp.a(altera_avalon_jtag_uart_read.o)
 .debug_abbrev  0x000013fc       0xb4 ../sha_bsp/\libhal_bsp.a(altera_avalon_jtag_uart_write.o)
 .debug_abbrev  0x000014b0       0xfb ../sha_bsp/\libhal_bsp.a(alt_close.o)
 .debug_abbrev  0x000015ab       0x3f ../sha_bsp/\libhal_bsp.a(alt_dcache_flush_all.o)
 .debug_abbrev  0x000015ea       0xc7 ../sha_bsp/\libhal_bsp.a(alt_dev.o)
 .debug_abbrev  0x000016b1       0xf6 ../sha_bsp/\libhal_bsp.a(alt_dev_llist_insert.o)
 .debug_abbrev  0x000017a7       0x76 ../sha_bsp/\libhal_bsp.a(alt_do_ctors.o)
 .debug_abbrev  0x0000181d       0x76 ../sha_bsp/\libhal_bsp.a(alt_do_dtors.o)
 .debug_abbrev  0x00001893       0x5e ../sha_bsp/\libhal_bsp.a(alt_errno.o)
 .debug_abbrev  0x000018f1       0x3f ../sha_bsp/\libhal_bsp.a(alt_icache_flush_all.o)
 .debug_abbrev  0x00001930       0xf0 ../sha_bsp/\libhal_bsp.a(alt_io_redirect.o)
 .debug_abbrev  0x00001a20      0x112 ../sha_bsp/\libhal_bsp.a(alt_open.o)
 .debug_abbrev  0x00001b32       0xc1 ../sha_bsp/\libhal_bsp.a(alt_release_fd.o)
 .debug_abbrev  0x00001bf3       0x3f ../sha_bsp/\libhal_bsp.a(altera_nios2_qsys_irq.o)
 .debug_abbrev  0x00001c32       0xcf ../sha_bsp/\libhal_bsp.a(alt_find_dev.o)
 .debug_abbrev  0x00001d01       0xcf ../sha_bsp/\libhal_bsp.a(alt_find_file.o)
 .debug_abbrev  0x00001dd0       0xfb ../sha_bsp/\libhal_bsp.a(alt_get_fd.o)
 .debug_abbrev  0x00001ecb       0xc6 c:/altera/13.0sp1/nios2eds/bin/gnu/h-i686-mingw32/bin/../lib/gcc/nios2-elf/4.1.2/../../../../nios2-elf/lib/mno-hw-mul\libsmallc.a(lib_a-atexit.o)
 .debug_abbrev  0x00001f91       0x4e c:/altera/13.0sp1/nios2eds/bin/gnu/h-i686-mingw32/bin/../lib/gcc/nios2-elf/4.1.2/../../../../nios2-elf/lib/mno-hw-mul\libsmallc.a(lib_a-exit.o)
 .debug_abbrev  0x00001fdf       0x7c c:/altera/13.0sp1/nios2eds/bin/gnu/h-i686-mingw32/bin/../lib/gcc/nios2-elf/4.1.2/../../../../nios2-elf/lib/mno-hw-mul\libsmallc.a(lib_a-memcmp.o)
 .debug_abbrev  0x0000205b      0x196 c:/altera/13.0sp1/nios2eds/bin/gnu/h-i686-mingw32/bin/../lib/gcc/nios2-elf/4.1.2/../../../../nios2-elf/lib/mno-hw-mul\libsmallc.a(lib_a-__atexit.o)
 .debug_abbrev  0x000021f1      0x1c6 c:/altera/13.0sp1/nios2eds/bin/gnu/h-i686-mingw32/bin/../lib/gcc/nios2-elf/4.1.2/../../../../nios2-elf/lib/mno-hw-mul\libsmallc.a(lib_a-__call_atexit.o)
 .debug_abbrev  0x000023b7       0x72 ../sha_bsp/\libhal_bsp.a(alt_exit.o)

.debug_line     0x00000000     0x623f
 *(.debug_line)
 .debug_line    0x00000000       0x66 ../sha_bsp//obj/HAL/src/crt0.o
 .debug_line    0x00000066      0x2b2 obj/default/source.o
 .debug_line    0x00000318      0x2be c:/altera/13.0sp1/nios2eds/bin/gnu/h-i686-mingw32/bin/../lib/gcc/nios2-elf/4.1.2/../../../../nios2-elf/lib/mno-hw-mul\libsmallc.a(lib_a-printf.o)
 .debug_line    0x000005d6      0x267 c:/altera/13.0sp1/nios2eds/bin/gnu/h-i686-mingw32/bin/../lib/gcc/nios2-elf/4.1.2/../../../../nios2-elf/lib/mno-hw-mul\libsmallc.a(lib_a-putchar.o)
 .debug_line    0x0000083d      0x2b2 c:/altera/13.0sp1/nios2eds/bin/gnu/h-i686-mingw32/bin/../lib/gcc/nios2-elf/4.1.2/../../../../nios2-elf/lib/mno-hw-mul\libsmallc.a(lib_a-puts.o)
 .debug_line    0x00000aef      0x250 c:/altera/13.0sp1/nios2eds/bin/gnu/h-i686-mingw32/bin/../lib/gcc/nios2-elf/4.1.2/../../../../nios2-elf/lib/mno-hw-mul\libsmallc.a(lib_a-strlen.o)
 .debug_line    0x00000d3f      0x666 c:/altera/13.0sp1/nios2eds/bin/gnu/h-i686-mingw32/bin/../lib/gcc/nios2-elf/4.1.2/../../../../nios2-elf/lib/mno-hw-mul\libsmallc.a(lib_a-vfprintf.o)
 .debug_line    0x000013a5      0x2a9 c:/altera/13.0sp1/nios2eds/bin/gnu/h-i686-mingw32/bin/../lib/gcc/nios2-elf/4.1.2/../../../../nios2-elf/lib/mno-hw-mul\libsmallc.a(lib_a-fvwrite_small_dev.o)
 .debug_line    0x0000164e      0x230 c:/altera/13.0sp1/nios2eds/bin/gnu/h-i686-mingw32/bin/../lib/gcc/nios2-elf/4.1.2/../../../../nios2-elf/lib/mno-hw-mul\libsmallc.a(lib_a-impure.o)
 .debug_line    0x0000187e      0x2d2 c:/altera/13.0sp1/nios2eds/bin/gnu/h-i686-mingw32/bin/../lib/gcc/nios2-elf/4.1.2/../../../../nios2-elf/lib/mno-hw-mul\libsmallc.a(lib_a-putc.o)
 .debug_line    0x00001b50      0x29d c:/altera/13.0sp1/nios2eds/bin/gnu/h-i686-mingw32/bin/../lib/gcc/nios2-elf/4.1.2/../../../../nios2-elf/lib/mno-hw-mul\libsmallc.a(lib_a-writer.o)
 .debug_line    0x00001ded      0x1e2 c:/altera/13.0sp1/nios2eds/bin/gnu/h-i686-mingw32/bin/../lib/gcc/nios2-elf/4.1.2/../../../../nios2-elf/lib/mno-hw-mul\libsmallc.a(lib_a-int_errno.o)
 .debug_line    0x00001fcf      0x24f c:/altera/13.0sp1/nios2eds/bin/gnu/h-i686-mingw32/bin/../lib/gcc/nios2-elf/4.1.2/mno-hw-mul\libgcc.a(lib2-divmod.o)
 .debug_line    0x0000221e      0x11a c:/altera/13.0sp1/nios2eds/bin/gnu/h-i686-mingw32/bin/../lib/gcc/nios2-elf/4.1.2/mno-hw-mul\libgcc.a(lib2-mul.o)
 .debug_line    0x00002338      0x217 ../sha_bsp/\libhal_bsp.a(alt_load.o)
 .debug_line    0x0000254f      0x2ca ../sha_bsp/\libhal_bsp.a(alt_main.o)
 .debug_line    0x00002819      0x2c9 ../sha_bsp/\libhal_bsp.a(alt_write.o)
 .debug_line    0x00002ae2      0x2a6 ../sha_bsp/\libhal_bsp.a(alt_sys_init.o)
 .debug_line    0x00002d88      0x1d7 ../sha_bsp/\libhal_bsp.a(altera_avalon_jtag_uart_fd.o)
 .debug_line    0x00002f5f      0x343 ../sha_bsp/\libhal_bsp.a(altera_avalon_jtag_uart_read.o)
 .debug_line    0x000032a2      0x304 ../sha_bsp/\libhal_bsp.a(altera_avalon_jtag_uart_write.o)
 .debug_line    0x000035a6      0x299 ../sha_bsp/\libhal_bsp.a(alt_close.o)
 .debug_line    0x0000383f      0x1b5 ../sha_bsp/\libhal_bsp.a(alt_dcache_flush_all.o)
 .debug_line    0x000039f4      0x254 ../sha_bsp/\libhal_bsp.a(alt_dev.o)
 .debug_line    0x00003c48      0x25a ../sha_bsp/\libhal_bsp.a(alt_dev_llist_insert.o)
 .debug_line    0x00003ea2       0x83 ../sha_bsp/\libhal_bsp.a(alt_do_ctors.o)
 .debug_line    0x00003f25       0x83 ../sha_bsp/\libhal_bsp.a(alt_do_dtors.o)
 .debug_line    0x00003fa8      0x1aa ../sha_bsp/\libhal_bsp.a(alt_errno.o)
 .debug_line    0x00004152      0x1b5 ../sha_bsp/\libhal_bsp.a(alt_icache_flush_all.o)
 .debug_line    0x00004307      0x2b4 ../sha_bsp/\libhal_bsp.a(alt_io_redirect.o)
 .debug_line    0x000045bb      0x2ff ../sha_bsp/\libhal_bsp.a(alt_open.o)
 .debug_line    0x000048ba       0xed ../sha_bsp/\libhal_bsp.a(alt_release_fd.o)
 .debug_line    0x000049a7      0x1ce ../sha_bsp/\libhal_bsp.a(altera_nios2_qsys_irq.o)
 .debug_line    0x00004b75      0x26b ../sha_bsp/\libhal_bsp.a(alt_find_dev.o)
 .debug_line    0x00004de0      0x27c ../sha_bsp/\libhal_bsp.a(alt_find_file.o)
 .debug_line    0x0000505c      0x297 ../sha_bsp/\libhal_bsp.a(alt_get_fd.o)
 .debug_line    0x000052f3      0x203 c:/altera/13.0sp1/nios2eds/bin/gnu/h-i686-mingw32/bin/../lib/gcc/nios2-elf/4.1.2/../../../../nios2-elf/lib/mno-hw-mul\libsmallc.a(lib_a-atexit.o)
 .debug_line    0x000054f6      0x223 c:/altera/13.0sp1/nios2eds/bin/gnu/h-i686-mingw32/bin/../lib/gcc/nios2-elf/4.1.2/../../../../nios2-elf/lib/mno-hw-mul\libsmallc.a(lib_a-exit.o)
 .debug_line    0x00005719      0x270 c:/altera/13.0sp1/nios2eds/bin/gnu/h-i686-mingw32/bin/../lib/gcc/nios2-elf/4.1.2/../../../../nios2-elf/lib/mno-hw-mul\libsmallc.a(lib_a-memcmp.o)
 .debug_line    0x00005989      0x350 c:/altera/13.0sp1/nios2eds/bin/gnu/h-i686-mingw32/bin/../lib/gcc/nios2-elf/4.1.2/../../../../nios2-elf/lib/mno-hw-mul\libsmallc.a(lib_a-__atexit.o)
 .debug_line    0x00005cd9      0x360 c:/altera/13.0sp1/nios2eds/bin/gnu/h-i686-mingw32/bin/../lib/gcc/nios2-elf/4.1.2/../../../../nios2-elf/lib/mno-hw-mul\libsmallc.a(lib_a-__call_atexit.o)
 .debug_line    0x00006039      0x206 ../sha_bsp/\libhal_bsp.a(alt_exit.o)

.debug_frame    0x00000000      0x8c0
 *(.debug_frame)
 .debug_frame   0x00000000       0x64 obj/default/source.o
 .debug_frame   0x00000064       0x40 c:/altera/13.0sp1/nios2eds/bin/gnu/h-i686-mingw32/bin/../lib/gcc/nios2-elf/4.1.2/../../../../nios2-elf/lib/mno-hw-mul\libsmallc.a(lib_a-printf.o)
 .debug_frame   0x000000a4       0x30 c:/altera/13.0sp1/nios2eds/bin/gnu/h-i686-mingw32/bin/../lib/gcc/nios2-elf/4.1.2/../../../../nios2-elf/lib/mno-hw-mul\libsmallc.a(lib_a-putchar.o)
 .debug_frame   0x000000d4       0x3c c:/altera/13.0sp1/nios2eds/bin/gnu/h-i686-mingw32/bin/../lib/gcc/nios2-elf/4.1.2/../../../../nios2-elf/lib/mno-hw-mul\libsmallc.a(lib_a-puts.o)
 .debug_frame   0x00000110       0x20 c:/altera/13.0sp1/nios2eds/bin/gnu/h-i686-mingw32/bin/../lib/gcc/nios2-elf/4.1.2/../../../../nios2-elf/lib/mno-hw-mul\libsmallc.a(lib_a-strlen.o)
 .debug_frame   0x00000130       0x64 c:/altera/13.0sp1/nios2eds/bin/gnu/h-i686-mingw32/bin/../lib/gcc/nios2-elf/4.1.2/../../../../nios2-elf/lib/mno-hw-mul\libsmallc.a(lib_a-vfprintf.o)
 .debug_frame   0x00000194       0x30 c:/altera/13.0sp1/nios2eds/bin/gnu/h-i686-mingw32/bin/../lib/gcc/nios2-elf/4.1.2/../../../../nios2-elf/lib/mno-hw-mul\libsmallc.a(lib_a-fvwrite_small_dev.o)
 .debug_frame   0x000001c4       0x48 c:/altera/13.0sp1/nios2eds/bin/gnu/h-i686-mingw32/bin/../lib/gcc/nios2-elf/4.1.2/../../../../nios2-elf/lib/mno-hw-mul\libsmallc.a(lib_a-putc.o)
 .debug_frame   0x0000020c       0x2c c:/altera/13.0sp1/nios2eds/bin/gnu/h-i686-mingw32/bin/../lib/gcc/nios2-elf/4.1.2/../../../../nios2-elf/lib/mno-hw-mul\libsmallc.a(lib_a-writer.o)
 .debug_frame   0x00000238       0x70 c:/altera/13.0sp1/nios2eds/bin/gnu/h-i686-mingw32/bin/../lib/gcc/nios2-elf/4.1.2/mno-hw-mul\libgcc.a(lib2-divmod.o)
 .debug_frame   0x000002a8       0x20 c:/altera/13.0sp1/nios2eds/bin/gnu/h-i686-mingw32/bin/../lib/gcc/nios2-elf/4.1.2/mno-hw-mul\libgcc.a(lib2-mul.o)
 .debug_frame   0x000002c8       0x48 ../sha_bsp/\libhal_bsp.a(alt_load.o)
 .debug_frame   0x00000310       0x2c ../sha_bsp/\libhal_bsp.a(alt_main.o)
 .debug_frame   0x0000033c       0x48 ../sha_bsp/\libhal_bsp.a(alt_write.o)
 .debug_frame   0x00000384       0x64 ../sha_bsp/\libhal_bsp.a(alt_sys_init.o)
 .debug_frame   0x000003e8       0x48 ../sha_bsp/\libhal_bsp.a(altera_avalon_jtag_uart_fd.o)
 .debug_frame   0x00000430       0x2c ../sha_bsp/\libhal_bsp.a(altera_avalon_jtag_uart_read.o)
 .debug_frame   0x0000045c       0x2c ../sha_bsp/\libhal_bsp.a(altera_avalon_jtag_uart_write.o)
 .debug_frame   0x00000488       0x48 ../sha_bsp/\libhal_bsp.a(alt_close.o)
 .debug_frame   0x000004d0       0x2c ../sha_bsp/\libhal_bsp.a(alt_dcache_flush_all.o)
 .debug_frame   0x000004fc       0x2c ../sha_bsp/\libhal_bsp.a(alt_dev.o)
 .debug_frame   0x00000528       0x48 ../sha_bsp/\libhal_bsp.a(alt_dev_llist_insert.o)
 .debug_frame   0x00000570       0x2c ../sha_bsp/\libhal_bsp.a(alt_do_ctors.o)
 .debug_frame   0x0000059c       0x2c ../sha_bsp/\libhal_bsp.a(alt_do_dtors.o)
 .debug_frame   0x000005c8       0x2c ../sha_bsp/\libhal_bsp.a(alt_icache_flush_all.o)
 .debug_frame   0x000005f4       0x4c ../sha_bsp/\libhal_bsp.a(alt_io_redirect.o)
 .debug_frame   0x00000640       0x68 ../sha_bsp/\libhal_bsp.a(alt_open.o)
 .debug_frame   0x000006a8       0x30 ../sha_bsp/\libhal_bsp.a(alt_release_fd.o)
 .debug_frame   0x000006d8       0x2c ../sha_bsp/\libhal_bsp.a(altera_nios2_qsys_irq.o)
 .debug_frame   0x00000704       0x2c ../sha_bsp/\libhal_bsp.a(alt_find_dev.o)
 .debug_frame   0x00000730       0x2c ../sha_bsp/\libhal_bsp.a(alt_find_file.o)
 .debug_frame   0x0000075c       0x30 ../sha_bsp/\libhal_bsp.a(alt_get_fd.o)
 .debug_frame   0x0000078c       0x20 c:/altera/13.0sp1/nios2eds/bin/gnu/h-i686-mingw32/bin/../lib/gcc/nios2-elf/4.1.2/../../../../nios2-elf/lib/mno-hw-mul\libsmallc.a(lib_a-atexit.o)
 .debug_frame   0x000007ac       0x2c c:/altera/13.0sp1/nios2eds/bin/gnu/h-i686-mingw32/bin/../lib/gcc/nios2-elf/4.1.2/../../../../nios2-elf/lib/mno-hw-mul\libsmallc.a(lib_a-exit.o)
 .debug_frame   0x000007d8       0x20 c:/altera/13.0sp1/nios2eds/bin/gnu/h-i686-mingw32/bin/../lib/gcc/nios2-elf/4.1.2/../../../../nios2-elf/lib/mno-hw-mul\libsmallc.a(lib_a-memcmp.o)
 .debug_frame   0x000007f8       0x34 c:/altera/13.0sp1/nios2eds/bin/gnu/h-i686-mingw32/bin/../lib/gcc/nios2-elf/4.1.2/../../../../nios2-elf/lib/mno-hw-mul\libsmallc.a(lib_a-__atexit.o)
 .debug_frame   0x0000082c       0x4c c:/altera/13.0sp1/nios2eds/bin/gnu/h-i686-mingw32/bin/../lib/gcc/nios2-elf/4.1.2/../../../../nios2-elf/lib/mno-hw-mul\libsmallc.a(lib_a-__call_atexit.o)
 .debug_frame   0x00000878       0x48 ../sha_bsp/\libhal_bsp.a(alt_exit.o)

.debug_str      0x00000000      0xe16
 *(.debug_str)
 .debug_str     0x00000000       0x12 obj/default/source.o
 .debug_str     0x00000012      0x406 c:/altera/13.0sp1/nios2eds/bin/gnu/h-i686-mingw32/bin/../lib/gcc/nios2-elf/4.1.2/../../../../nios2-elf/lib/mno-hw-mul\libsmallc.a(lib_a-printf.o)
                                0x466 (size before relaxing)
 .debug_str     0x00000418       0x51 c:/altera/13.0sp1/nios2eds/bin/gnu/h-i686-mingw32/bin/../lib/gcc/nios2-elf/4.1.2/../../../../nios2-elf/lib/mno-hw-mul\libsmallc.a(lib_a-putchar.o)
                                0x452 (size before relaxing)
 .debug_str     0x00000469       0x48 c:/altera/13.0sp1/nios2eds/bin/gnu/h-i686-mingw32/bin/../lib/gcc/nios2-elf/4.1.2/../../../../nios2-elf/lib/mno-hw-mul\libsmallc.a(lib_a-puts.o)
                                0x450 (size before relaxing)
 .debug_str     0x000004b1       0xe2 c:/altera/13.0sp1/nios2eds/bin/gnu/h-i686-mingw32/bin/../lib/gcc/nios2-elf/4.1.2/../../../../nios2-elf/lib/mno-hw-mul\libsmallc.a(lib_a-strlen.o)
                                0x184 (size before relaxing)
 .debug_str     0x00000593      0x168 c:/altera/13.0sp1/nios2eds/bin/gnu/h-i686-mingw32/bin/../lib/gcc/nios2-elf/4.1.2/../../../../nios2-elf/lib/mno-hw-mul\libsmallc.a(lib_a-vfprintf.o)
                                0x5af (size before relaxing)
 .debug_str     0x000006fb       0x70 c:/altera/13.0sp1/nios2eds/bin/gnu/h-i686-mingw32/bin/../lib/gcc/nios2-elf/4.1.2/../../../../nios2-elf/lib/mno-hw-mul\libsmallc.a(lib_a-fvwrite_small_dev.o)
                                0x46a (size before relaxing)
 .debug_str     0x0000076b       0xf8 c:/altera/13.0sp1/nios2eds/bin/gnu/h-i686-mingw32/bin/../lib/gcc/nios2-elf/4.1.2/../../../../nios2-elf/lib/mno-hw-mul\libsmallc.a(lib_a-impure.o)
                                0x45d (size before relaxing)
 .debug_str     0x00000863       0x4f c:/altera/13.0sp1/nios2eds/bin/gnu/h-i686-mingw32/bin/../lib/gcc/nios2-elf/4.1.2/../../../../nios2-elf/lib/mno-hw-mul\libsmallc.a(lib_a-putc.o)
                                0x455 (size before relaxing)
 .debug_str     0x000008b2       0x4f c:/altera/13.0sp1/nios2eds/bin/gnu/h-i686-mingw32/bin/../lib/gcc/nios2-elf/4.1.2/../../../../nios2-elf/lib/mno-hw-mul\libsmallc.a(lib_a-writer.o)
                                0x451 (size before relaxing)
 .debug_str     0x00000901       0x40 c:/altera/13.0sp1/nios2eds/bin/gnu/h-i686-mingw32/bin/../lib/gcc/nios2-elf/4.1.2/../../../../nios2-elf/lib/mno-hw-mul\libsmallc.a(lib_a-int_errno.o)
                                0x177 (size before relaxing)
 .debug_str     0x00000941      0x10b c:/altera/13.0sp1/nios2eds/bin/gnu/h-i686-mingw32/bin/../lib/gcc/nios2-elf/4.1.2/mno-hw-mul\libgcc.a(lib2-divmod.o)
                                0x1b4 (size before relaxing)
 .debug_str     0x00000a4c       0x37 c:/altera/13.0sp1/nios2eds/bin/gnu/h-i686-mingw32/bin/../lib/gcc/nios2-elf/4.1.2/mno-hw-mul\libgcc.a(lib2-mul.o)
                                0x175 (size before relaxing)
 .debug_str     0x00000a83       0x12 ../sha_bsp/\libhal_bsp.a(alt_load.o)
 .debug_str     0x00000a95       0x12 ../sha_bsp/\libhal_bsp.a(alt_main.o)
 .debug_str     0x00000aa7       0x12 ../sha_bsp/\libhal_bsp.a(alt_write.o)
 .debug_str     0x00000ab9       0x12 ../sha_bsp/\libhal_bsp.a(alt_sys_init.o)
 .debug_str     0x00000acb       0x12 ../sha_bsp/\libhal_bsp.a(altera_avalon_jtag_uart_read.o)
 .debug_str     0x00000add       0x12 ../sha_bsp/\libhal_bsp.a(altera_avalon_jtag_uart_write.o)
 .debug_str     0x00000aef       0x12 ../sha_bsp/\libhal_bsp.a(alt_close.o)
 .debug_str     0x00000b01       0x12 ../sha_bsp/\libhal_bsp.a(alt_dcache_flush_all.o)
 .debug_str     0x00000b13       0x12 ../sha_bsp/\libhal_bsp.a(alt_dev.o)
 .debug_str     0x00000b25       0x12 ../sha_bsp/\libhal_bsp.a(alt_dev_llist_insert.o)
 .debug_str     0x00000b37       0x12 ../sha_bsp/\libhal_bsp.a(alt_errno.o)
 .debug_str     0x00000b49       0x12 ../sha_bsp/\libhal_bsp.a(alt_icache_flush_all.o)
 .debug_str     0x00000b5b       0x12 ../sha_bsp/\libhal_bsp.a(alt_io_redirect.o)
 .debug_str     0x00000b6d       0x12 ../sha_bsp/\libhal_bsp.a(alt_open.o)
 .debug_str     0x00000b7f       0x12 ../sha_bsp/\libhal_bsp.a(altera_nios2_qsys_irq.o)
 .debug_str     0x00000b91       0x12 ../sha_bsp/\libhal_bsp.a(alt_find_dev.o)
 .debug_str     0x00000ba3       0x12 ../sha_bsp/\libhal_bsp.a(alt_find_file.o)
 .debug_str     0x00000bb5       0x12 ../sha_bsp/\libhal_bsp.a(alt_get_fd.o)
 .debug_str     0x00000bc7       0xdb c:/altera/13.0sp1/nios2eds/bin/gnu/h-i686-mingw32/bin/../lib/gcc/nios2-elf/4.1.2/../../../../nios2-elf/lib/mno-hw-mul\libsmallc.a(lib_a-atexit.o)
                                0x1e5 (size before relaxing)
 .debug_str     0x00000ca2       0x41 c:/altera/13.0sp1/nios2eds/bin/gnu/h-i686-mingw32/bin/../lib/gcc/nios2-elf/4.1.2/../../../../nios2-elf/lib/mno-hw-mul\libsmallc.a(lib_a-exit.o)
                                0x178 (size before relaxing)
 .debug_str     0x00000ce3       0x45 c:/altera/13.0sp1/nios2eds/bin/gnu/h-i686-mingw32/bin/../lib/gcc/nios2-elf/4.1.2/../../../../nios2-elf/lib/mno-hw-mul\libsmallc.a(lib_a-memcmp.o)
                                0x17e (size before relaxing)
 .debug_str     0x00000d28       0x54 c:/altera/13.0sp1/nios2eds/bin/gnu/h-i686-mingw32/bin/../lib/gcc/nios2-elf/4.1.2/../../../../nios2-elf/lib/mno-hw-mul\libsmallc.a(lib_a-__atexit.o)
                                0x467 (size before relaxing)
 .debug_str     0x00000d7c       0x7e c:/altera/13.0sp1/nios2eds/bin/gnu/h-i686-mingw32/bin/../lib/gcc/nios2-elf/4.1.2/../../../../nios2-elf/lib/mno-hw-mul\libsmallc.a(lib_a-__call_atexit.o)
                                0x491 (size before relaxing)
 .debug_str     0x00000dfa       0x1c ../sha_bsp/\libhal_bsp.a(alt_exit.o)

.debug_loc      0x00000000     0x18d0
 *(.debug_loc)
 .debug_loc     0x00000000       0x81 obj/default/source.o
 .debug_loc     0x00000081       0x8d c:/altera/13.0sp1/nios2eds/bin/gnu/h-i686-mingw32/bin/../lib/gcc/nios2-elf/4.1.2/../../../../nios2-elf/lib/mno-hw-mul\libsmallc.a(lib_a-printf.o)
 .debug_loc     0x0000010e       0x44 c:/altera/13.0sp1/nios2eds/bin/gnu/h-i686-mingw32/bin/../lib/gcc/nios2-elf/4.1.2/../../../../nios2-elf/lib/mno-hw-mul\libsmallc.a(lib_a-putchar.o)
 .debug_loc     0x00000152       0xa2 c:/altera/13.0sp1/nios2eds/bin/gnu/h-i686-mingw32/bin/../lib/gcc/nios2-elf/4.1.2/../../../../nios2-elf/lib/mno-hw-mul\libsmallc.a(lib_a-puts.o)
 .debug_loc     0x000001f4       0x1e c:/altera/13.0sp1/nios2eds/bin/gnu/h-i686-mingw32/bin/../lib/gcc/nios2-elf/4.1.2/../../../../nios2-elf/lib/mno-hw-mul\libsmallc.a(lib_a-strlen.o)
 .debug_loc     0x00000212      0x878 c:/altera/13.0sp1/nios2eds/bin/gnu/h-i686-mingw32/bin/../lib/gcc/nios2-elf/4.1.2/../../../../nios2-elf/lib/mno-hw-mul\libsmallc.a(lib_a-vfprintf.o)
 .debug_loc     0x00000a8a      0x162 c:/altera/13.0sp1/nios2eds/bin/gnu/h-i686-mingw32/bin/../lib/gcc/nios2-elf/4.1.2/../../../../nios2-elf/lib/mno-hw-mul\libsmallc.a(lib_a-fvwrite_small_dev.o)
 .debug_loc     0x00000bec       0xd4 c:/altera/13.0sp1/nios2eds/bin/gnu/h-i686-mingw32/bin/../lib/gcc/nios2-elf/4.1.2/../../../../nios2-elf/lib/mno-hw-mul\libsmallc.a(lib_a-putc.o)
 .debug_loc     0x00000cc0       0x97 c:/altera/13.0sp1/nios2eds/bin/gnu/h-i686-mingw32/bin/../lib/gcc/nios2-elf/4.1.2/../../../../nios2-elf/lib/mno-hw-mul\libsmallc.a(lib_a-writer.o)
 .debug_loc     0x00000d57      0x1d2 c:/altera/13.0sp1/nios2eds/bin/gnu/h-i686-mingw32/bin/../lib/gcc/nios2-elf/4.1.2/mno-hw-mul\libgcc.a(lib2-divmod.o)
 .debug_loc     0x00000f29       0x4f c:/altera/13.0sp1/nios2eds/bin/gnu/h-i686-mingw32/bin/../lib/gcc/nios2-elf/4.1.2/mno-hw-mul\libgcc.a(lib2-mul.o)
 .debug_loc     0x00000f78       0x56 ../sha_bsp/\libhal_bsp.a(alt_load.o)
 .debug_loc     0x00000fce       0x2b ../sha_bsp/\libhal_bsp.a(alt_main.o)
 .debug_loc     0x00000ff9       0x56 ../sha_bsp/\libhal_bsp.a(alt_write.o)
 .debug_loc     0x0000104f       0x81 ../sha_bsp/\libhal_bsp.a(alt_sys_init.o)
 .debug_loc     0x000010d0       0x56 ../sha_bsp/\libhal_bsp.a(altera_avalon_jtag_uart_fd.o)
 .debug_loc     0x00001126       0x2b ../sha_bsp/\libhal_bsp.a(altera_avalon_jtag_uart_read.o)
 .debug_loc     0x00001151       0x2b ../sha_bsp/\libhal_bsp.a(altera_avalon_jtag_uart_write.o)
 .debug_loc     0x0000117c       0x56 ../sha_bsp/\libhal_bsp.a(alt_close.o)
 .debug_loc     0x000011d2       0x2b ../sha_bsp/\libhal_bsp.a(alt_dcache_flush_all.o)
 .debug_loc     0x000011fd       0x2b ../sha_bsp/\libhal_bsp.a(alt_dev.o)
 .debug_loc     0x00001228       0x56 ../sha_bsp/\libhal_bsp.a(alt_dev_llist_insert.o)
 .debug_loc     0x0000127e       0x2b ../sha_bsp/\libhal_bsp.a(alt_do_ctors.o)
 .debug_loc     0x000012a9       0x2b ../sha_bsp/\libhal_bsp.a(alt_do_dtors.o)
 .debug_loc     0x000012d4       0x2b ../sha_bsp/\libhal_bsp.a(alt_icache_flush_all.o)
 .debug_loc     0x000012ff       0x56 ../sha_bsp/\libhal_bsp.a(alt_io_redirect.o)
 .debug_loc     0x00001355       0x81 ../sha_bsp/\libhal_bsp.a(alt_open.o)
 .debug_loc     0x000013d6       0x2b ../sha_bsp/\libhal_bsp.a(alt_release_fd.o)
 .debug_loc     0x00001401       0x2b ../sha_bsp/\libhal_bsp.a(altera_nios2_qsys_irq.o)
 .debug_loc     0x0000142c       0x2b ../sha_bsp/\libhal_bsp.a(alt_find_dev.o)
 .debug_loc     0x00001457       0x2b ../sha_bsp/\libhal_bsp.a(alt_find_file.o)
 .debug_loc     0x00001482       0x2b ../sha_bsp/\libhal_bsp.a(alt_get_fd.o)
 .debug_loc     0x000014ad       0x1e c:/altera/13.0sp1/nios2eds/bin/gnu/h-i686-mingw32/bin/../lib/gcc/nios2-elf/4.1.2/../../../../nios2-elf/lib/mno-hw-mul\libsmallc.a(lib_a-atexit.o)
 .debug_loc     0x000014cb       0x3d c:/altera/13.0sp1/nios2eds/bin/gnu/h-i686-mingw32/bin/../lib/gcc/nios2-elf/4.1.2/../../../../nios2-elf/lib/mno-hw-mul\libsmallc.a(lib_a-exit.o)
 .debug_loc     0x00001508       0x70 c:/altera/13.0sp1/nios2eds/bin/gnu/h-i686-mingw32/bin/../lib/gcc/nios2-elf/4.1.2/../../../../nios2-elf/lib/mno-hw-mul\libsmallc.a(lib_a-memcmp.o)
 .debug_loc     0x00001578      0x141 c:/altera/13.0sp1/nios2eds/bin/gnu/h-i686-mingw32/bin/../lib/gcc/nios2-elf/4.1.2/../../../../nios2-elf/lib/mno-hw-mul\libsmallc.a(lib_a-__atexit.o)
 .debug_loc     0x000016b9      0x1c1 c:/altera/13.0sp1/nios2eds/bin/gnu/h-i686-mingw32/bin/../lib/gcc/nios2-elf/4.1.2/../../../../nios2-elf/lib/mno-hw-mul\libsmallc.a(lib_a-__call_atexit.o)
 .debug_loc     0x0000187a       0x56 ../sha_bsp/\libhal_bsp.a(alt_exit.o)

.debug_macinfo
 *(.debug_macinfo)

.debug_weaknames
 *(.debug_weaknames)

.debug_funcnames
 *(.debug_funcnames)

.debug_typenames
 *(.debug_typenames)

.debug_varnames
 *(.debug_varnames)

.debug_alt_sim_info
                0x00000000       0x10
 *(.debug_alt_sim_info)
 .debug_alt_sim_info
                0x00000000       0x10 ../sha_bsp//obj/HAL/src/crt0.o
                0x00010000                __alt_data_end = 0x10000
                0x00010000                PROVIDE (__alt_stack_pointer, __alt_data_end)
                0x0000ac1c                PROVIDE (__alt_stack_limit, __alt_stack_base)
                0x0000ac1c                PROVIDE (__alt_heap_start, end)
                0x00010000                PROVIDE (__alt_heap_limit, 0x10000)
OUTPUT(sha.elf elf32-littlenios2)

.debug_ranges   0x00000000      0x178
 .debug_ranges  0x00000000       0x20 ../sha_bsp//obj/HAL/src/crt0.o
 .debug_ranges  0x00000020      0x140 c:/altera/13.0sp1/nios2eds/bin/gnu/h-i686-mingw32/bin/../lib/gcc/nios2-elf/4.1.2/../../../../nios2-elf/lib/mno-hw-mul\libsmallc.a(lib_a-vfprintf.o)
 .debug_ranges  0x00000160       0x18 c:/altera/13.0sp1/nios2eds/bin/gnu/h-i686-mingw32/bin/../lib/gcc/nios2-elf/4.1.2/../../../../nios2-elf/lib/mno-hw-mul\libsmallc.a(lib_a-__call_atexit.o)
