Analysis & Synthesis report for sha256
Tue Mar 18 18:45:51 2025
Quartus II 64-Bit Version 13.0.1 Build 232 06/12/2013 Service Pack 1 SJ Web Edition


---------------------
; Table of Contents ;
---------------------
  1. Legal Notice
  2. Analysis & Synthesis Summary
  3. Analysis & Synthesis Settings
  4. Parallel Compilation
  5. Analysis & Synthesis Source Files Read
  6. Analysis & Synthesis Resource Usage Summary
  7. Analysis & Synthesis Resource Utilization by Entity
  8. General Register Statistics
  9. Elapsed Time Per Partition
 10. Analysis & Synthesis Messages



----------------
; Legal Notice ;
----------------
Copyright (C) 1991-2013 Altera Corporation
Your use of Altera Corporation's design tools, logic functions 
and other software and tools, and its AMPP partner logic 
functions, and any output files from any of the foregoing 
(including device programming or simulation files), and any 
associated documentation or information are expressly subject 
to the terms and conditions of the Altera Program License 
Subscription Agreement, Altera MegaCore Function License 
Agreement, or other applicable license agreement, including, 
without limitation, that your use is for the sole purpose of 
programming logic devices manufactured by Altera and sold by 
Altera or its authorized distributors.  Please refer to the 
applicable agreement for further details.



+--------------------------------------------------------------------------------------+
; Analysis & Synthesis Summary                                                         ;
+------------------------------------+-------------------------------------------------+
; Analysis & Synthesis Status        ; Successful - Tue Mar 18 18:45:51 2025           ;
; Quartus II 64-Bit Version          ; 13.0.1 Build 232 06/12/2013 SP 1 SJ Web Edition ;
; Revision Name                      ; sha256                                          ;
; Top-level Entity Name              ; sha256                                          ;
; Family                             ; Cyclone II                                      ;
; Total logic elements               ; 0                                               ;
;     Total combinational functions  ; 0                                               ;
;     Dedicated logic registers      ; 0                                               ;
; Total registers                    ; 0                                               ;
; Total pins                         ; 771                                             ;
; Total virtual pins                 ; 0                                               ;
; Total memory bits                  ; 0                                               ;
; Embedded Multiplier 9-bit elements ; 0                                               ;
; Total PLLs                         ; 0                                               ;
+------------------------------------+-------------------------------------------------+


+----------------------------------------------------------------------------------------------------------------------+
; Analysis & Synthesis Settings                                                                                        ;
+----------------------------------------------------------------------------+--------------------+--------------------+
; Option                                                                     ; Setting            ; Default Value      ;
+----------------------------------------------------------------------------+--------------------+--------------------+
; Device                                                                     ; EP2C35F672C6       ;                    ;
; Top-level entity name                                                      ; sha256             ; sha256             ;
; Family name                                                                ; Cyclone II         ; Cyclone IV GX      ;
; Use smart compilation                                                      ; Off                ; Off                ;
; Enable parallel Assembler and TimeQuest Timing Analyzer during compilation ; On                 ; On                 ;
; Enable compact report table                                                ; Off                ; Off                ;
; Restructure Multiplexers                                                   ; Auto               ; Auto               ;
; Create Debugging Nodes for IP Cores                                        ; Off                ; Off                ;
; Preserve fewer node names                                                  ; On                 ; On                 ;
; Disable OpenCore Plus hardware evaluation                                  ; Off                ; Off                ;
; Verilog Version                                                            ; Verilog_2001       ; Verilog_2001       ;
; VHDL Version                                                               ; VHDL_1993          ; VHDL_1993          ;
; State Machine Processing                                                   ; Auto               ; Auto               ;
; Safe State Machine                                                         ; Off                ; Off                ;
; Extract Verilog State Machines                                             ; On                 ; On                 ;
; Extract VHDL State Machines                                                ; On                 ; On                 ;
; Ignore Verilog initial constructs                                          ; Off                ; Off                ;
; Iteration limit for constant Verilog loops                                 ; 5000               ; 5000               ;
; Iteration limit for non-constant Verilog loops                             ; 250                ; 250                ;
; Add Pass-Through Logic to Inferred RAMs                                    ; On                 ; On                 ;
; Infer RAMs from Raw Logic                                                  ; On                 ; On                 ;
; Parallel Synthesis                                                         ; On                 ; On                 ;
; DSP Block Balancing                                                        ; Auto               ; Auto               ;
; NOT Gate Push-Back                                                         ; On                 ; On                 ;
; Power-Up Don't Care                                                        ; On                 ; On                 ;
; Remove Redundant Logic Cells                                               ; Off                ; Off                ;
; Remove Duplicate Registers                                                 ; On                 ; On                 ;
; Ignore CARRY Buffers                                                       ; Off                ; Off                ;
; Ignore CASCADE Buffers                                                     ; Off                ; Off                ;
; Ignore GLOBAL Buffers                                                      ; Off                ; Off                ;
; Ignore ROW GLOBAL Buffers                                                  ; Off                ; Off                ;
; Ignore LCELL Buffers                                                       ; Off                ; Off                ;
; Ignore SOFT Buffers                                                        ; On                 ; On                 ;
; Limit AHDL Integers to 32 Bits                                             ; Off                ; Off                ;
; Optimization Technique                                                     ; Balanced           ; Balanced           ;
; Carry Chain Length                                                         ; 70                 ; 70                 ;
; Auto Carry Chains                                                          ; On                 ; On                 ;
; Auto Open-Drain Pins                                                       ; On                 ; On                 ;
; Perform WYSIWYG Primitive Resynthesis                                      ; Off                ; Off                ;
; Auto ROM Replacement                                                       ; On                 ; On                 ;
; Auto RAM Replacement                                                       ; On                 ; On                 ;
; Auto Shift Register Replacement                                            ; Auto               ; Auto               ;
; Allow Shift Register Merging across Hierarchies                            ; Auto               ; Auto               ;
; Auto Clock Enable Replacement                                              ; On                 ; On                 ;
; Strict RAM Replacement                                                     ; Off                ; Off                ;
; Allow Synchronous Control Signals                                          ; On                 ; On                 ;
; Force Use of Synchronous Clear Signals                                     ; Off                ; Off                ;
; Auto RAM to Logic Cell Conversion                                          ; Off                ; Off                ;
; Auto Resource Sharing                                                      ; Off                ; Off                ;
; Allow Any RAM Size For Recognition                                         ; Off                ; Off                ;
; Allow Any ROM Size For Recognition                                         ; Off                ; Off                ;
; Allow Any Shift Register Size For Recognition                              ; Off                ; Off                ;
; Use LogicLock Constraints during Resource Balancing                        ; On                 ; On                 ;
; Ignore translate_off and synthesis_off directives                          ; Off                ; Off                ;
; Timing-Driven Synthesis                                                    ; Off                ; Off                ;
; Report Parameter Settings                                                  ; On                 ; On                 ;
; Report Source Assignments                                                  ; On                 ; On                 ;
; Report Connectivity Checks                                                 ; On                 ; On                 ;
; Ignore Maximum Fan-Out Assignments                                         ; Off                ; Off                ;
; Synchronization Register Chain Length                                      ; 2                  ; 2                  ;
; PowerPlay Power Optimization                                               ; Normal compilation ; Normal compilation ;
; HDL message level                                                          ; Level2             ; Level2             ;
; Suppress Register Optimization Related Messages                            ; Off                ; Off                ;
; Number of Removed Registers Reported in Synthesis Report                   ; 5000               ; 5000               ;
; Number of Swept Nodes Reported in Synthesis Report                         ; 5000               ; 5000               ;
; Number of Inverted Registers Reported in Synthesis Report                  ; 100                ; 100                ;
; Clock MUX Protection                                                       ; On                 ; On                 ;
; Auto Gated Clock Conversion                                                ; Off                ; Off                ;
; Block Design Naming                                                        ; Auto               ; Auto               ;
; SDC constraint protection                                                  ; Off                ; Off                ;
; Synthesis Effort                                                           ; Auto               ; Auto               ;
; Shift Register Replacement - Allow Asynchronous Clear Signal               ; On                 ; On                 ;
; Pre-Mapping Resynthesis Optimization                                       ; Off                ; Off                ;
; Analysis & Synthesis Message Level                                         ; Medium             ; Medium             ;
; Disable Register Merging Across Hierarchies                                ; Auto               ; Auto               ;
; Resource Aware Inference For Block RAM                                     ; On                 ; On                 ;
; Synthesis Seed                                                             ; 1                  ; 1                  ;
+----------------------------------------------------------------------------+--------------------+--------------------+


Parallel compilation was disabled, but you have multiple processors available. Enable parallel compilation to reduce compilation time.
+-------------------------------------+
; Parallel Compilation                ;
+----------------------------+--------+
; Processors                 ; Number ;
+----------------------------+--------+
; Number detected on machine ; 16     ;
; Maximum allowed            ; 1      ;
+----------------------------+--------+


+-----------------------------------------------------------------------------------------------------------------------------------------+
; Analysis & Synthesis Source Files Read                                                                                                  ;
+----------------------------------+-----------------+------------------------+-------------------------------------------------+---------+
; File Name with User-Entered Path ; Used in Netlist ; File Type              ; File Name with Absolute Path                    ; Library ;
+----------------------------------+-----------------+------------------------+-------------------------------------------------+---------+
; sha256.v                         ; yes             ; User Verilog HDL File  ; C:/Hung/Year3/HK2/CE433/SoC-SHA256/Rtl/sha256.v ;         ;
+----------------------------------+-----------------+------------------------+-------------------------------------------------+---------+


+-----------------------------------------------------+
; Analysis & Synthesis Resource Usage Summary         ;
+---------------------------------------------+-------+
; Resource                                    ; Usage ;
+---------------------------------------------+-------+
;                                             ;       ;
; Total combinational functions               ; 0     ;
; Logic element usage by number of LUT inputs ;       ;
;     -- 4 input functions                    ; 0     ;
;     -- 3 input functions                    ; 0     ;
;     -- <=2 input functions                  ; 0     ;
;                                             ;       ;
; Logic elements by mode                      ;       ;
;     -- normal mode                          ; 0     ;
;     -- arithmetic mode                      ; 0     ;
;                                             ;       ;
; Total registers                             ; 0     ;
;     -- Dedicated logic registers            ; 0     ;
;     -- I/O registers                        ; 0     ;
;                                             ;       ;
; I/O pins                                    ; 771   ;
; Embedded Multiplier 9-bit elements          ; 0     ;
+---------------------------------------------+-------+


+-----------------------------------------------------------------------------------------------------------------------------------------------------------------------------+
; Analysis & Synthesis Resource Utilization by Entity                                                                                                                         ;
+----------------------------+-------------------+--------------+-------------+--------------+---------+-----------+------+--------------+---------------------+--------------+
; Compilation Hierarchy Node ; LC Combinationals ; LC Registers ; Memory Bits ; DSP Elements ; DSP 9x9 ; DSP 18x18 ; Pins ; Virtual Pins ; Full Hierarchy Name ; Library Name ;
+----------------------------+-------------------+--------------+-------------+--------------+---------+-----------+------+--------------+---------------------+--------------+
; |sha256                    ; 0 (0)             ; 0 (0)        ; 0           ; 0            ; 0       ; 0         ; 771  ; 0            ; |sha256             ; work         ;
+----------------------------+-------------------+--------------+-------------+--------------+---------+-----------+------+--------------+---------------------+--------------+
Note: For table entries with two numbers listed, the numbers in parentheses indicate the number of resources of the given type used by the specific entity alone. The numbers listed outside of parentheses indicate the total resources of the given type used by the specific entity and all of its sub-entities in the hierarchy.


+------------------------------------------------------+
; General Register Statistics                          ;
+----------------------------------------------+-------+
; Statistic                                    ; Value ;
+----------------------------------------------+-------+
; Total registers                              ; 0     ;
; Number of registers using Synchronous Clear  ; 0     ;
; Number of registers using Synchronous Load   ; 0     ;
; Number of registers using Asynchronous Clear ; 0     ;
; Number of registers using Asynchronous Load  ; 0     ;
; Number of registers using Clock Enable       ; 0     ;
; Number of registers using Preset             ; 0     ;
+----------------------------------------------+-------+


+-------------------------------+
; Elapsed Time Per Partition    ;
+----------------+--------------+
; Partition Name ; Elapsed Time ;
+----------------+--------------+
; Top            ; 00:00:00     ;
+----------------+--------------+


+-------------------------------+
; Analysis & Synthesis Messages ;
+-------------------------------+
Info: *******************************************************************
Info: Running Quartus II 64-Bit Analysis & Synthesis
    Info: Version 13.0.1 Build 232 06/12/2013 Service Pack 1 SJ Web Edition
    Info: Processing started: Tue Mar 18 18:45:50 2025
Info: Command: quartus_map --read_settings_files=on --write_settings_files=off sha256 -c sha256
Warning (20028): Parallel compilation is not licensed and has been disabled
Info (12021): Found 2 design units, including 2 entities, in source file sha256.v
    Info (12023): Found entity 1: carry_save_adder
    Info (12023): Found entity 2: sha256
Warning (10236): Verilog HDL Implicit Net warning at sha256.v(104): created implicit net for "ch"
Warning (10236): Verilog HDL Implicit Net warning at sha256.v(105): created implicit net for "maj"
Info (12127): Elaborating entity "sha256" for the top level hierarchy
Warning (10036): Verilog HDL or VHDL warning at sha256.v(104): object "ch" assigned a value but never read
Warning (10036): Verilog HDL or VHDL warning at sha256.v(105): object "maj" assigned a value but never read
Warning (10036): Verilog HDL or VHDL warning at sha256.v(19): object "k" assigned a value but never read
Warning (10036): Verilog HDL or VHDL warning at sha256.v(85): object "h0" assigned a value but never read
Warning (10036): Verilog HDL or VHDL warning at sha256.v(85): object "h1" assigned a value but never read
Warning (10036): Verilog HDL or VHDL warning at sha256.v(85): object "h2" assigned a value but never read
Warning (10036): Verilog HDL or VHDL warning at sha256.v(85): object "h3" assigned a value but never read
Warning (10036): Verilog HDL or VHDL warning at sha256.v(85): object "h4" assigned a value but never read
Warning (10036): Verilog HDL or VHDL warning at sha256.v(85): object "h5" assigned a value but never read
Warning (10036): Verilog HDL or VHDL warning at sha256.v(85): object "h6" assigned a value but never read
Warning (10036): Verilog HDL or VHDL warning at sha256.v(85): object "h7" assigned a value but never read
Warning (10858): Verilog HDL warning at sha256.v(95): object a used but never assigned
Warning (10858): Verilog HDL warning at sha256.v(96): object b used but never assigned
Warning (10858): Verilog HDL warning at sha256.v(97): object c used but never assigned
Warning (10858): Verilog HDL warning at sha256.v(99): object e used but never assigned
Warning (10858): Verilog HDL warning at sha256.v(100): object f used but never assigned
Warning (10858): Verilog HDL warning at sha256.v(101): object g used but never assigned
Warning (10230): Verilog HDL assignment warning at sha256.v(104): truncated value with size 32 to match size of target (1)
Warning (10230): Verilog HDL assignment warning at sha256.v(105): truncated value with size 32 to match size of target (1)
Warning (10034): Output port "hashvalue" at sha256.v(15) has no driver
Warning (10034): Output port "ready" at sha256.v(13) has no driver
Warning (13024): Output pins are stuck at VCC or GND
    Warning (13410): Pin "ready" is stuck at GND
    Warning (13410): Pin "hashvalue[0]" is stuck at GND
    Warning (13410): Pin "hashvalue[1]" is stuck at GND
    Warning (13410): Pin "hashvalue[2]" is stuck at GND
    Warning (13410): Pin "hashvalue[3]" is stuck at GND
    Warning (13410): Pin "hashvalue[4]" is stuck at GND
    Warning (13410): Pin "hashvalue[5]" is stuck at GND
    Warning (13410): Pin "hashvalue[6]" is stuck at GND
    Warning (13410): Pin "hashvalue[7]" is stuck at GND
    Warning (13410): Pin "hashvalue[8]" is stuck at GND
    Warning (13410): Pin "hashvalue[9]" is stuck at GND
    Warning (13410): Pin "hashvalue[10]" is stuck at GND
    Warning (13410): Pin "hashvalue[11]" is stuck at GND
    Warning (13410): Pin "hashvalue[12]" is stuck at GND
    Warning (13410): Pin "hashvalue[13]" is stuck at GND
    Warning (13410): Pin "hashvalue[14]" is stuck at GND
    Warning (13410): Pin "hashvalue[15]" is stuck at GND
    Warning (13410): Pin "hashvalue[16]" is stuck at GND
    Warning (13410): Pin "hashvalue[17]" is stuck at GND
    Warning (13410): Pin "hashvalue[18]" is stuck at GND
    Warning (13410): Pin "hashvalue[19]" is stuck at GND
    Warning (13410): Pin "hashvalue[20]" is stuck at GND
    Warning (13410): Pin "hashvalue[21]" is stuck at GND
    Warning (13410): Pin "hashvalue[22]" is stuck at GND
    Warning (13410): Pin "hashvalue[23]" is stuck at GND
    Warning (13410): Pin "hashvalue[24]" is stuck at GND
    Warning (13410): Pin "hashvalue[25]" is stuck at GND
    Warning (13410): Pin "hashvalue[26]" is stuck at GND
    Warning (13410): Pin "hashvalue[27]" is stuck at GND
    Warning (13410): Pin "hashvalue[28]" is stuck at GND
    Warning (13410): Pin "hashvalue[29]" is stuck at GND
    Warning (13410): Pin "hashvalue[30]" is stuck at GND
    Warning (13410): Pin "hashvalue[31]" is stuck at GND
    Warning (13410): Pin "hashvalue[32]" is stuck at GND
    Warning (13410): Pin "hashvalue[33]" is stuck at GND
    Warning (13410): Pin "hashvalue[34]" is stuck at GND
    Warning (13410): Pin "hashvalue[35]" is stuck at GND
    Warning (13410): Pin "hashvalue[36]" is stuck at GND
    Warning (13410): Pin "hashvalue[37]" is stuck at GND
    Warning (13410): Pin "hashvalue[38]" is stuck at GND
    Warning (13410): Pin "hashvalue[39]" is stuck at GND
    Warning (13410): Pin "hashvalue[40]" is stuck at GND
    Warning (13410): Pin "hashvalue[41]" is stuck at GND
    Warning (13410): Pin "hashvalue[42]" is stuck at GND
    Warning (13410): Pin "hashvalue[43]" is stuck at GND
    Warning (13410): Pin "hashvalue[44]" is stuck at GND
    Warning (13410): Pin "hashvalue[45]" is stuck at GND
    Warning (13410): Pin "hashvalue[46]" is stuck at GND
    Warning (13410): Pin "hashvalue[47]" is stuck at GND
    Warning (13410): Pin "hashvalue[48]" is stuck at GND
    Warning (13410): Pin "hashvalue[49]" is stuck at GND
    Warning (13410): Pin "hashvalue[50]" is stuck at GND
    Warning (13410): Pin "hashvalue[51]" is stuck at GND
    Warning (13410): Pin "hashvalue[52]" is stuck at GND
    Warning (13410): Pin "hashvalue[53]" is stuck at GND
    Warning (13410): Pin "hashvalue[54]" is stuck at GND
    Warning (13410): Pin "hashvalue[55]" is stuck at GND
    Warning (13410): Pin "hashvalue[56]" is stuck at GND
    Warning (13410): Pin "hashvalue[57]" is stuck at GND
    Warning (13410): Pin "hashvalue[58]" is stuck at GND
    Warning (13410): Pin "hashvalue[59]" is stuck at GND
    Warning (13410): Pin "hashvalue[60]" is stuck at GND
    Warning (13410): Pin "hashvalue[61]" is stuck at GND
    Warning (13410): Pin "hashvalue[62]" is stuck at GND
    Warning (13410): Pin "hashvalue[63]" is stuck at GND
    Warning (13410): Pin "hashvalue[64]" is stuck at GND
    Warning (13410): Pin "hashvalue[65]" is stuck at GND
    Warning (13410): Pin "hashvalue[66]" is stuck at GND
    Warning (13410): Pin "hashvalue[67]" is stuck at GND
    Warning (13410): Pin "hashvalue[68]" is stuck at GND
    Warning (13410): Pin "hashvalue[69]" is stuck at GND
    Warning (13410): Pin "hashvalue[70]" is stuck at GND
    Warning (13410): Pin "hashvalue[71]" is stuck at GND
    Warning (13410): Pin "hashvalue[72]" is stuck at GND
    Warning (13410): Pin "hashvalue[73]" is stuck at GND
    Warning (13410): Pin "hashvalue[74]" is stuck at GND
    Warning (13410): Pin "hashvalue[75]" is stuck at GND
    Warning (13410): Pin "hashvalue[76]" is stuck at GND
    Warning (13410): Pin "hashvalue[77]" is stuck at GND
    Warning (13410): Pin "hashvalue[78]" is stuck at GND
    Warning (13410): Pin "hashvalue[79]" is stuck at GND
    Warning (13410): Pin "hashvalue[80]" is stuck at GND
    Warning (13410): Pin "hashvalue[81]" is stuck at GND
    Warning (13410): Pin "hashvalue[82]" is stuck at GND
    Warning (13410): Pin "hashvalue[83]" is stuck at GND
    Warning (13410): Pin "hashvalue[84]" is stuck at GND
    Warning (13410): Pin "hashvalue[85]" is stuck at GND
    Warning (13410): Pin "hashvalue[86]" is stuck at GND
    Warning (13410): Pin "hashvalue[87]" is stuck at GND
    Warning (13410): Pin "hashvalue[88]" is stuck at GND
    Warning (13410): Pin "hashvalue[89]" is stuck at GND
    Warning (13410): Pin "hashvalue[90]" is stuck at GND
    Warning (13410): Pin "hashvalue[91]" is stuck at GND
    Warning (13410): Pin "hashvalue[92]" is stuck at GND
    Warning (13410): Pin "hashvalue[93]" is stuck at GND
    Warning (13410): Pin "hashvalue[94]" is stuck at GND
    Warning (13410): Pin "hashvalue[95]" is stuck at GND
    Warning (13410): Pin "hashvalue[96]" is stuck at GND
    Warning (13410): Pin "hashvalue[97]" is stuck at GND
    Warning (13410): Pin "hashvalue[98]" is stuck at GND
    Warning (13410): Pin "hashvalue[99]" is stuck at GND
    Warning (13410): Pin "hashvalue[100]" is stuck at GND
    Warning (13410): Pin "hashvalue[101]" is stuck at GND
    Warning (13410): Pin "hashvalue[102]" is stuck at GND
    Warning (13410): Pin "hashvalue[103]" is stuck at GND
    Warning (13410): Pin "hashvalue[104]" is stuck at GND
    Warning (13410): Pin "hashvalue[105]" is stuck at GND
    Warning (13410): Pin "hashvalue[106]" is stuck at GND
    Warning (13410): Pin "hashvalue[107]" is stuck at GND
    Warning (13410): Pin "hashvalue[108]" is stuck at GND
    Warning (13410): Pin "hashvalue[109]" is stuck at GND
    Warning (13410): Pin "hashvalue[110]" is stuck at GND
    Warning (13410): Pin "hashvalue[111]" is stuck at GND
    Warning (13410): Pin "hashvalue[112]" is stuck at GND
    Warning (13410): Pin "hashvalue[113]" is stuck at GND
    Warning (13410): Pin "hashvalue[114]" is stuck at GND
    Warning (13410): Pin "hashvalue[115]" is stuck at GND
    Warning (13410): Pin "hashvalue[116]" is stuck at GND
    Warning (13410): Pin "hashvalue[117]" is stuck at GND
    Warning (13410): Pin "hashvalue[118]" is stuck at GND
    Warning (13410): Pin "hashvalue[119]" is stuck at GND
    Warning (13410): Pin "hashvalue[120]" is stuck at GND
    Warning (13410): Pin "hashvalue[121]" is stuck at GND
    Warning (13410): Pin "hashvalue[122]" is stuck at GND
    Warning (13410): Pin "hashvalue[123]" is stuck at GND
    Warning (13410): Pin "hashvalue[124]" is stuck at GND
    Warning (13410): Pin "hashvalue[125]" is stuck at GND
    Warning (13410): Pin "hashvalue[126]" is stuck at GND
    Warning (13410): Pin "hashvalue[127]" is stuck at GND
    Warning (13410): Pin "hashvalue[128]" is stuck at GND
    Warning (13410): Pin "hashvalue[129]" is stuck at GND
    Warning (13410): Pin "hashvalue[130]" is stuck at GND
    Warning (13410): Pin "hashvalue[131]" is stuck at GND
    Warning (13410): Pin "hashvalue[132]" is stuck at GND
    Warning (13410): Pin "hashvalue[133]" is stuck at GND
    Warning (13410): Pin "hashvalue[134]" is stuck at GND
    Warning (13410): Pin "hashvalue[135]" is stuck at GND
    Warning (13410): Pin "hashvalue[136]" is stuck at GND
    Warning (13410): Pin "hashvalue[137]" is stuck at GND
    Warning (13410): Pin "hashvalue[138]" is stuck at GND
    Warning (13410): Pin "hashvalue[139]" is stuck at GND
    Warning (13410): Pin "hashvalue[140]" is stuck at GND
    Warning (13410): Pin "hashvalue[141]" is stuck at GND
    Warning (13410): Pin "hashvalue[142]" is stuck at GND
    Warning (13410): Pin "hashvalue[143]" is stuck at GND
    Warning (13410): Pin "hashvalue[144]" is stuck at GND
    Warning (13410): Pin "hashvalue[145]" is stuck at GND
    Warning (13410): Pin "hashvalue[146]" is stuck at GND
    Warning (13410): Pin "hashvalue[147]" is stuck at GND
    Warning (13410): Pin "hashvalue[148]" is stuck at GND
    Warning (13410): Pin "hashvalue[149]" is stuck at GND
    Warning (13410): Pin "hashvalue[150]" is stuck at GND
    Warning (13410): Pin "hashvalue[151]" is stuck at GND
    Warning (13410): Pin "hashvalue[152]" is stuck at GND
    Warning (13410): Pin "hashvalue[153]" is stuck at GND
    Warning (13410): Pin "hashvalue[154]" is stuck at GND
    Warning (13410): Pin "hashvalue[155]" is stuck at GND
    Warning (13410): Pin "hashvalue[156]" is stuck at GND
    Warning (13410): Pin "hashvalue[157]" is stuck at GND
    Warning (13410): Pin "hashvalue[158]" is stuck at GND
    Warning (13410): Pin "hashvalue[159]" is stuck at GND
    Warning (13410): Pin "hashvalue[160]" is stuck at GND
    Warning (13410): Pin "hashvalue[161]" is stuck at GND
    Warning (13410): Pin "hashvalue[162]" is stuck at GND
    Warning (13410): Pin "hashvalue[163]" is stuck at GND
    Warning (13410): Pin "hashvalue[164]" is stuck at GND
    Warning (13410): Pin "hashvalue[165]" is stuck at GND
    Warning (13410): Pin "hashvalue[166]" is stuck at GND
    Warning (13410): Pin "hashvalue[167]" is stuck at GND
    Warning (13410): Pin "hashvalue[168]" is stuck at GND
    Warning (13410): Pin "hashvalue[169]" is stuck at GND
    Warning (13410): Pin "hashvalue[170]" is stuck at GND
    Warning (13410): Pin "hashvalue[171]" is stuck at GND
    Warning (13410): Pin "hashvalue[172]" is stuck at GND
    Warning (13410): Pin "hashvalue[173]" is stuck at GND
    Warning (13410): Pin "hashvalue[174]" is stuck at GND
    Warning (13410): Pin "hashvalue[175]" is stuck at GND
    Warning (13410): Pin "hashvalue[176]" is stuck at GND
    Warning (13410): Pin "hashvalue[177]" is stuck at GND
    Warning (13410): Pin "hashvalue[178]" is stuck at GND
    Warning (13410): Pin "hashvalue[179]" is stuck at GND
    Warning (13410): Pin "hashvalue[180]" is stuck at GND
    Warning (13410): Pin "hashvalue[181]" is stuck at GND
    Warning (13410): Pin "hashvalue[182]" is stuck at GND
    Warning (13410): Pin "hashvalue[183]" is stuck at GND
    Warning (13410): Pin "hashvalue[184]" is stuck at GND
    Warning (13410): Pin "hashvalue[185]" is stuck at GND
    Warning (13410): Pin "hashvalue[186]" is stuck at GND
    Warning (13410): Pin "hashvalue[187]" is stuck at GND
    Warning (13410): Pin "hashvalue[188]" is stuck at GND
    Warning (13410): Pin "hashvalue[189]" is stuck at GND
    Warning (13410): Pin "hashvalue[190]" is stuck at GND
    Warning (13410): Pin "hashvalue[191]" is stuck at GND
    Warning (13410): Pin "hashvalue[192]" is stuck at GND
    Warning (13410): Pin "hashvalue[193]" is stuck at GND
    Warning (13410): Pin "hashvalue[194]" is stuck at GND
    Warning (13410): Pin "hashvalue[195]" is stuck at GND
    Warning (13410): Pin "hashvalue[196]" is stuck at GND
    Warning (13410): Pin "hashvalue[197]" is stuck at GND
    Warning (13410): Pin "hashvalue[198]" is stuck at GND
    Warning (13410): Pin "hashvalue[199]" is stuck at GND
    Warning (13410): Pin "hashvalue[200]" is stuck at GND
    Warning (13410): Pin "hashvalue[201]" is stuck at GND
    Warning (13410): Pin "hashvalue[202]" is stuck at GND
    Warning (13410): Pin "hashvalue[203]" is stuck at GND
    Warning (13410): Pin "hashvalue[204]" is stuck at GND
    Warning (13410): Pin "hashvalue[205]" is stuck at GND
    Warning (13410): Pin "hashvalue[206]" is stuck at GND
    Warning (13410): Pin "hashvalue[207]" is stuck at GND
    Warning (13410): Pin "hashvalue[208]" is stuck at GND
    Warning (13410): Pin "hashvalue[209]" is stuck at GND
    Warning (13410): Pin "hashvalue[210]" is stuck at GND
    Warning (13410): Pin "hashvalue[211]" is stuck at GND
    Warning (13410): Pin "hashvalue[212]" is stuck at GND
    Warning (13410): Pin "hashvalue[213]" is stuck at GND
    Warning (13410): Pin "hashvalue[214]" is stuck at GND
    Warning (13410): Pin "hashvalue[215]" is stuck at GND
    Warning (13410): Pin "hashvalue[216]" is stuck at GND
    Warning (13410): Pin "hashvalue[217]" is stuck at GND
    Warning (13410): Pin "hashvalue[218]" is stuck at GND
    Warning (13410): Pin "hashvalue[219]" is stuck at GND
    Warning (13410): Pin "hashvalue[220]" is stuck at GND
    Warning (13410): Pin "hashvalue[221]" is stuck at GND
    Warning (13410): Pin "hashvalue[222]" is stuck at GND
    Warning (13410): Pin "hashvalue[223]" is stuck at GND
    Warning (13410): Pin "hashvalue[224]" is stuck at GND
    Warning (13410): Pin "hashvalue[225]" is stuck at GND
    Warning (13410): Pin "hashvalue[226]" is stuck at GND
    Warning (13410): Pin "hashvalue[227]" is stuck at GND
    Warning (13410): Pin "hashvalue[228]" is stuck at GND
    Warning (13410): Pin "hashvalue[229]" is stuck at GND
    Warning (13410): Pin "hashvalue[230]" is stuck at GND
    Warning (13410): Pin "hashvalue[231]" is stuck at GND
    Warning (13410): Pin "hashvalue[232]" is stuck at GND
    Warning (13410): Pin "hashvalue[233]" is stuck at GND
    Warning (13410): Pin "hashvalue[234]" is stuck at GND
    Warning (13410): Pin "hashvalue[235]" is stuck at GND
    Warning (13410): Pin "hashvalue[236]" is stuck at GND
    Warning (13410): Pin "hashvalue[237]" is stuck at GND
    Warning (13410): Pin "hashvalue[238]" is stuck at GND
    Warning (13410): Pin "hashvalue[239]" is stuck at GND
    Warning (13410): Pin "hashvalue[240]" is stuck at GND
    Warning (13410): Pin "hashvalue[241]" is stuck at GND
    Warning (13410): Pin "hashvalue[242]" is stuck at GND
    Warning (13410): Pin "hashvalue[243]" is stuck at GND
    Warning (13410): Pin "hashvalue[244]" is stuck at GND
    Warning (13410): Pin "hashvalue[245]" is stuck at GND
    Warning (13410): Pin "hashvalue[246]" is stuck at GND
    Warning (13410): Pin "hashvalue[247]" is stuck at GND
    Warning (13410): Pin "hashvalue[248]" is stuck at GND
    Warning (13410): Pin "hashvalue[249]" is stuck at GND
    Warning (13410): Pin "hashvalue[250]" is stuck at GND
    Warning (13410): Pin "hashvalue[251]" is stuck at GND
    Warning (13410): Pin "hashvalue[252]" is stuck at GND
    Warning (13410): Pin "hashvalue[253]" is stuck at GND
    Warning (13410): Pin "hashvalue[254]" is stuck at GND
    Warning (13410): Pin "hashvalue[255]" is stuck at GND
Info (16010): Generating hard_block partition "hard_block:auto_generated_inst"
    Info (16011): Adding 0 node(s), including 0 DDIO, 0 PLL, 0 transceiver and 0 LCELL
Warning (21074): Design contains 514 input pin(s) that do not drive logic
    Warning (15610): No output dependent on input pin "message[511]"
    Warning (15610): No output dependent on input pin "message[510]"
    Warning (15610): No output dependent on input pin "message[509]"
    Warning (15610): No output dependent on input pin "message[508]"
    Warning (15610): No output dependent on input pin "message[507]"
    Warning (15610): No output dependent on input pin "message[506]"
    Warning (15610): No output dependent on input pin "message[505]"
    Warning (15610): No output dependent on input pin "message[504]"
    Warning (15610): No output dependent on input pin "message[503]"
    Warning (15610): No output dependent on input pin "message[502]"
    Warning (15610): No output dependent on input pin "message[501]"
    Warning (15610): No output dependent on input pin "message[500]"
    Warning (15610): No output dependent on input pin "message[499]"
    Warning (15610): No output dependent on input pin "message[498]"
    Warning (15610): No output dependent on input pin "message[497]"
    Warning (15610): No output dependent on input pin "message[496]"
    Warning (15610): No output dependent on input pin "message[495]"
    Warning (15610): No output dependent on input pin "message[494]"
    Warning (15610): No output dependent on input pin "message[493]"
    Warning (15610): No output dependent on input pin "message[492]"
    Warning (15610): No output dependent on input pin "message[491]"
    Warning (15610): No output dependent on input pin "message[490]"
    Warning (15610): No output dependent on input pin "message[489]"
    Warning (15610): No output dependent on input pin "message[488]"
    Warning (15610): No output dependent on input pin "message[487]"
    Warning (15610): No output dependent on input pin "message[486]"
    Warning (15610): No output dependent on input pin "message[485]"
    Warning (15610): No output dependent on input pin "message[484]"
    Warning (15610): No output dependent on input pin "message[483]"
    Warning (15610): No output dependent on input pin "message[482]"
    Warning (15610): No output dependent on input pin "message[481]"
    Warning (15610): No output dependent on input pin "message[480]"
    Warning (15610): No output dependent on input pin "message[479]"
    Warning (15610): No output dependent on input pin "message[478]"
    Warning (15610): No output dependent on input pin "message[477]"
    Warning (15610): No output dependent on input pin "message[476]"
    Warning (15610): No output dependent on input pin "message[475]"
    Warning (15610): No output dependent on input pin "message[474]"
    Warning (15610): No output dependent on input pin "message[473]"
    Warning (15610): No output dependent on input pin "message[472]"
    Warning (15610): No output dependent on input pin "message[471]"
    Warning (15610): No output dependent on input pin "message[470]"
    Warning (15610): No output dependent on input pin "message[469]"
    Warning (15610): No output dependent on input pin "message[468]"
    Warning (15610): No output dependent on input pin "message[467]"
    Warning (15610): No output dependent on input pin "message[466]"
    Warning (15610): No output dependent on input pin "message[465]"
    Warning (15610): No output dependent on input pin "message[464]"
    Warning (15610): No output dependent on input pin "message[463]"
    Warning (15610): No output dependent on input pin "message[462]"
    Warning (15610): No output dependent on input pin "message[461]"
    Warning (15610): No output dependent on input pin "message[460]"
    Warning (15610): No output dependent on input pin "message[459]"
    Warning (15610): No output dependent on input pin "message[458]"
    Warning (15610): No output dependent on input pin "message[457]"
    Warning (15610): No output dependent on input pin "message[456]"
    Warning (15610): No output dependent on input pin "message[455]"
    Warning (15610): No output dependent on input pin "message[454]"
    Warning (15610): No output dependent on input pin "message[453]"
    Warning (15610): No output dependent on input pin "message[452]"
    Warning (15610): No output dependent on input pin "message[451]"
    Warning (15610): No output dependent on input pin "message[450]"
    Warning (15610): No output dependent on input pin "message[449]"
    Warning (15610): No output dependent on input pin "message[448]"
    Warning (15610): No output dependent on input pin "message[447]"
    Warning (15610): No output dependent on input pin "message[446]"
    Warning (15610): No output dependent on input pin "message[445]"
    Warning (15610): No output dependent on input pin "message[444]"
    Warning (15610): No output dependent on input pin "message[443]"
    Warning (15610): No output dependent on input pin "message[442]"
    Warning (15610): No output dependent on input pin "message[441]"
    Warning (15610): No output dependent on input pin "message[440]"
    Warning (15610): No output dependent on input pin "message[439]"
    Warning (15610): No output dependent on input pin "message[438]"
    Warning (15610): No output dependent on input pin "message[437]"
    Warning (15610): No output dependent on input pin "message[436]"
    Warning (15610): No output dependent on input pin "message[435]"
    Warning (15610): No output dependent on input pin "message[434]"
    Warning (15610): No output dependent on input pin "message[433]"
    Warning (15610): No output dependent on input pin "message[432]"
    Warning (15610): No output dependent on input pin "message[431]"
    Warning (15610): No output dependent on input pin "message[430]"
    Warning (15610): No output dependent on input pin "message[429]"
    Warning (15610): No output dependent on input pin "message[428]"
    Warning (15610): No output dependent on input pin "message[427]"
    Warning (15610): No output dependent on input pin "message[426]"
    Warning (15610): No output dependent on input pin "message[425]"
    Warning (15610): No output dependent on input pin "message[424]"
    Warning (15610): No output dependent on input pin "message[423]"
    Warning (15610): No output dependent on input pin "message[422]"
    Warning (15610): No output dependent on input pin "message[421]"
    Warning (15610): No output dependent on input pin "message[420]"
    Warning (15610): No output dependent on input pin "message[419]"
    Warning (15610): No output dependent on input pin "message[418]"
    Warning (15610): No output dependent on input pin "message[417]"
    Warning (15610): No output dependent on input pin "message[416]"
    Warning (15610): No output dependent on input pin "message[415]"
    Warning (15610): No output dependent on input pin "message[414]"
    Warning (15610): No output dependent on input pin "message[413]"
    Warning (15610): No output dependent on input pin "message[412]"
    Warning (15610): No output dependent on input pin "message[411]"
    Warning (15610): No output dependent on input pin "message[410]"
    Warning (15610): No output dependent on input pin "message[409]"
    Warning (15610): No output dependent on input pin "message[408]"
    Warning (15610): No output dependent on input pin "message[407]"
    Warning (15610): No output dependent on input pin "message[406]"
    Warning (15610): No output dependent on input pin "message[405]"
    Warning (15610): No output dependent on input pin "message[404]"
    Warning (15610): No output dependent on input pin "message[403]"
    Warning (15610): No output dependent on input pin "message[402]"
    Warning (15610): No output dependent on input pin "message[401]"
    Warning (15610): No output dependent on input pin "message[400]"
    Warning (15610): No output dependent on input pin "message[399]"
    Warning (15610): No output dependent on input pin "message[398]"
    Warning (15610): No output dependent on input pin "message[397]"
    Warning (15610): No output dependent on input pin "message[396]"
    Warning (15610): No output dependent on input pin "message[395]"
    Warning (15610): No output dependent on input pin "message[394]"
    Warning (15610): No output dependent on input pin "message[393]"
    Warning (15610): No output dependent on input pin "message[392]"
    Warning (15610): No output dependent on input pin "message[391]"
    Warning (15610): No output dependent on input pin "message[390]"
    Warning (15610): No output dependent on input pin "message[389]"
    Warning (15610): No output dependent on input pin "message[388]"
    Warning (15610): No output dependent on input pin "message[387]"
    Warning (15610): No output dependent on input pin "message[386]"
    Warning (15610): No output dependent on input pin "message[385]"
    Warning (15610): No output dependent on input pin "message[384]"
    Warning (15610): No output dependent on input pin "message[383]"
    Warning (15610): No output dependent on input pin "message[382]"
    Warning (15610): No output dependent on input pin "message[381]"
    Warning (15610): No output dependent on input pin "message[380]"
    Warning (15610): No output dependent on input pin "message[379]"
    Warning (15610): No output dependent on input pin "message[378]"
    Warning (15610): No output dependent on input pin "message[377]"
    Warning (15610): No output dependent on input pin "message[376]"
    Warning (15610): No output dependent on input pin "message[375]"
    Warning (15610): No output dependent on input pin "message[374]"
    Warning (15610): No output dependent on input pin "message[373]"
    Warning (15610): No output dependent on input pin "message[372]"
    Warning (15610): No output dependent on input pin "message[371]"
    Warning (15610): No output dependent on input pin "message[370]"
    Warning (15610): No output dependent on input pin "message[369]"
    Warning (15610): No output dependent on input pin "message[368]"
    Warning (15610): No output dependent on input pin "message[367]"
    Warning (15610): No output dependent on input pin "message[366]"
    Warning (15610): No output dependent on input pin "message[365]"
    Warning (15610): No output dependent on input pin "message[364]"
    Warning (15610): No output dependent on input pin "message[363]"
    Warning (15610): No output dependent on input pin "message[362]"
    Warning (15610): No output dependent on input pin "message[361]"
    Warning (15610): No output dependent on input pin "message[360]"
    Warning (15610): No output dependent on input pin "message[359]"
    Warning (15610): No output dependent on input pin "message[358]"
    Warning (15610): No output dependent on input pin "message[357]"
    Warning (15610): No output dependent on input pin "message[356]"
    Warning (15610): No output dependent on input pin "message[355]"
    Warning (15610): No output dependent on input pin "message[354]"
    Warning (15610): No output dependent on input pin "message[353]"
    Warning (15610): No output dependent on input pin "message[352]"
    Warning (15610): No output dependent on input pin "message[351]"
    Warning (15610): No output dependent on input pin "message[350]"
    Warning (15610): No output dependent on input pin "message[349]"
    Warning (15610): No output dependent on input pin "message[348]"
    Warning (15610): No output dependent on input pin "message[347]"
    Warning (15610): No output dependent on input pin "message[346]"
    Warning (15610): No output dependent on input pin "message[345]"
    Warning (15610): No output dependent on input pin "message[344]"
    Warning (15610): No output dependent on input pin "message[343]"
    Warning (15610): No output dependent on input pin "message[342]"
    Warning (15610): No output dependent on input pin "message[341]"
    Warning (15610): No output dependent on input pin "message[340]"
    Warning (15610): No output dependent on input pin "message[339]"
    Warning (15610): No output dependent on input pin "message[338]"
    Warning (15610): No output dependent on input pin "message[337]"
    Warning (15610): No output dependent on input pin "message[336]"
    Warning (15610): No output dependent on input pin "message[335]"
    Warning (15610): No output dependent on input pin "message[334]"
    Warning (15610): No output dependent on input pin "message[333]"
    Warning (15610): No output dependent on input pin "message[332]"
    Warning (15610): No output dependent on input pin "message[331]"
    Warning (15610): No output dependent on input pin "message[330]"
    Warning (15610): No output dependent on input pin "message[329]"
    Warning (15610): No output dependent on input pin "message[328]"
    Warning (15610): No output dependent on input pin "message[327]"
    Warning (15610): No output dependent on input pin "message[326]"
    Warning (15610): No output dependent on input pin "message[325]"
    Warning (15610): No output dependent on input pin "message[324]"
    Warning (15610): No output dependent on input pin "message[323]"
    Warning (15610): No output dependent on input pin "message[322]"
    Warning (15610): No output dependent on input pin "message[321]"
    Warning (15610): No output dependent on input pin "message[320]"
    Warning (15610): No output dependent on input pin "message[319]"
    Warning (15610): No output dependent on input pin "message[318]"
    Warning (15610): No output dependent on input pin "message[317]"
    Warning (15610): No output dependent on input pin "message[316]"
    Warning (15610): No output dependent on input pin "message[315]"
    Warning (15610): No output dependent on input pin "message[314]"
    Warning (15610): No output dependent on input pin "message[313]"
    Warning (15610): No output dependent on input pin "message[312]"
    Warning (15610): No output dependent on input pin "message[311]"
    Warning (15610): No output dependent on input pin "message[310]"
    Warning (15610): No output dependent on input pin "message[309]"
    Warning (15610): No output dependent on input pin "message[308]"
    Warning (15610): No output dependent on input pin "message[307]"
    Warning (15610): No output dependent on input pin "message[306]"
    Warning (15610): No output dependent on input pin "message[305]"
    Warning (15610): No output dependent on input pin "message[304]"
    Warning (15610): No output dependent on input pin "message[303]"
    Warning (15610): No output dependent on input pin "message[302]"
    Warning (15610): No output dependent on input pin "message[301]"
    Warning (15610): No output dependent on input pin "message[300]"
    Warning (15610): No output dependent on input pin "message[299]"
    Warning (15610): No output dependent on input pin "message[298]"
    Warning (15610): No output dependent on input pin "message[297]"
    Warning (15610): No output dependent on input pin "message[296]"
    Warning (15610): No output dependent on input pin "message[295]"
    Warning (15610): No output dependent on input pin "message[294]"
    Warning (15610): No output dependent on input pin "message[293]"
    Warning (15610): No output dependent on input pin "message[292]"
    Warning (15610): No output dependent on input pin "message[291]"
    Warning (15610): No output dependent on input pin "message[290]"
    Warning (15610): No output dependent on input pin "message[289]"
    Warning (15610): No output dependent on input pin "message[288]"
    Warning (15610): No output dependent on input pin "message[287]"
    Warning (15610): No output dependent on input pin "message[286]"
    Warning (15610): No output dependent on input pin "message[285]"
    Warning (15610): No output dependent on input pin "message[284]"
    Warning (15610): No output dependent on input pin "message[283]"
    Warning (15610): No output dependent on input pin "message[282]"
    Warning (15610): No output dependent on input pin "message[281]"
    Warning (15610): No output dependent on input pin "message[280]"
    Warning (15610): No output dependent on input pin "message[279]"
    Warning (15610): No output dependent on input pin "message[278]"
    Warning (15610): No output dependent on input pin "message[277]"
    Warning (15610): No output dependent on input pin "message[276]"
    Warning (15610): No output dependent on input pin "message[275]"
    Warning (15610): No output dependent on input pin "message[274]"
    Warning (15610): No output dependent on input pin "message[273]"
    Warning (15610): No output dependent on input pin "message[272]"
    Warning (15610): No output dependent on input pin "message[271]"
    Warning (15610): No output dependent on input pin "message[270]"
    Warning (15610): No output dependent on input pin "message[269]"
    Warning (15610): No output dependent on input pin "message[268]"
    Warning (15610): No output dependent on input pin "message[267]"
    Warning (15610): No output dependent on input pin "message[266]"
    Warning (15610): No output dependent on input pin "message[265]"
    Warning (15610): No output dependent on input pin "message[264]"
    Warning (15610): No output dependent on input pin "message[263]"
    Warning (15610): No output dependent on input pin "message[262]"
    Warning (15610): No output dependent on input pin "message[261]"
    Warning (15610): No output dependent on input pin "message[260]"
    Warning (15610): No output dependent on input pin "message[259]"
    Warning (15610): No output dependent on input pin "message[258]"
    Warning (15610): No output dependent on input pin "message[257]"
    Warning (15610): No output dependent on input pin "message[256]"
    Warning (15610): No output dependent on input pin "message[255]"
    Warning (15610): No output dependent on input pin "message[254]"
    Warning (15610): No output dependent on input pin "message[253]"
    Warning (15610): No output dependent on input pin "message[252]"
    Warning (15610): No output dependent on input pin "message[251]"
    Warning (15610): No output dependent on input pin "message[250]"
    Warning (15610): No output dependent on input pin "message[249]"
    Warning (15610): No output dependent on input pin "message[248]"
    Warning (15610): No output dependent on input pin "message[247]"
    Warning (15610): No output dependent on input pin "message[246]"
    Warning (15610): No output dependent on input pin "message[245]"
    Warning (15610): No output dependent on input pin "message[244]"
    Warning (15610): No output dependent on input pin "message[243]"
    Warning (15610): No output dependent on input pin "message[242]"
    Warning (15610): No output dependent on input pin "message[241]"
    Warning (15610): No output dependent on input pin "message[240]"
    Warning (15610): No output dependent on input pin "message[239]"
    Warning (15610): No output dependent on input pin "message[238]"
    Warning (15610): No output dependent on input pin "message[237]"
    Warning (15610): No output dependent on input pin "message[236]"
    Warning (15610): No output dependent on input pin "message[235]"
    Warning (15610): No output dependent on input pin "message[234]"
    Warning (15610): No output dependent on input pin "message[233]"
    Warning (15610): No output dependent on input pin "message[232]"
    Warning (15610): No output dependent on input pin "message[231]"
    Warning (15610): No output dependent on input pin "message[230]"
    Warning (15610): No output dependent on input pin "message[229]"
    Warning (15610): No output dependent on input pin "message[228]"
    Warning (15610): No output dependent on input pin "message[227]"
    Warning (15610): No output dependent on input pin "message[226]"
    Warning (15610): No output dependent on input pin "message[225]"
    Warning (15610): No output dependent on input pin "message[224]"
    Warning (15610): No output dependent on input pin "message[223]"
    Warning (15610): No output dependent on input pin "message[222]"
    Warning (15610): No output dependent on input pin "message[221]"
    Warning (15610): No output dependent on input pin "message[220]"
    Warning (15610): No output dependent on input pin "message[219]"
    Warning (15610): No output dependent on input pin "message[218]"
    Warning (15610): No output dependent on input pin "message[217]"
    Warning (15610): No output dependent on input pin "message[216]"
    Warning (15610): No output dependent on input pin "message[215]"
    Warning (15610): No output dependent on input pin "message[214]"
    Warning (15610): No output dependent on input pin "message[213]"
    Warning (15610): No output dependent on input pin "message[212]"
    Warning (15610): No output dependent on input pin "message[211]"
    Warning (15610): No output dependent on input pin "message[210]"
    Warning (15610): No output dependent on input pin "message[209]"
    Warning (15610): No output dependent on input pin "message[208]"
    Warning (15610): No output dependent on input pin "message[207]"
    Warning (15610): No output dependent on input pin "message[206]"
    Warning (15610): No output dependent on input pin "message[205]"
    Warning (15610): No output dependent on input pin "message[204]"
    Warning (15610): No output dependent on input pin "message[203]"
    Warning (15610): No output dependent on input pin "message[202]"
    Warning (15610): No output dependent on input pin "message[201]"
    Warning (15610): No output dependent on input pin "message[200]"
    Warning (15610): No output dependent on input pin "message[199]"
    Warning (15610): No output dependent on input pin "message[198]"
    Warning (15610): No output dependent on input pin "message[197]"
    Warning (15610): No output dependent on input pin "message[196]"
    Warning (15610): No output dependent on input pin "message[195]"
    Warning (15610): No output dependent on input pin "message[194]"
    Warning (15610): No output dependent on input pin "message[193]"
    Warning (15610): No output dependent on input pin "message[192]"
    Warning (15610): No output dependent on input pin "message[191]"
    Warning (15610): No output dependent on input pin "message[190]"
    Warning (15610): No output dependent on input pin "message[189]"
    Warning (15610): No output dependent on input pin "message[188]"
    Warning (15610): No output dependent on input pin "message[187]"
    Warning (15610): No output dependent on input pin "message[186]"
    Warning (15610): No output dependent on input pin "message[185]"
    Warning (15610): No output dependent on input pin "message[184]"
    Warning (15610): No output dependent on input pin "message[183]"
    Warning (15610): No output dependent on input pin "message[182]"
    Warning (15610): No output dependent on input pin "message[181]"
    Warning (15610): No output dependent on input pin "message[180]"
    Warning (15610): No output dependent on input pin "message[179]"
    Warning (15610): No output dependent on input pin "message[178]"
    Warning (15610): No output dependent on input pin "message[177]"
    Warning (15610): No output dependent on input pin "message[176]"
    Warning (15610): No output dependent on input pin "message[175]"
    Warning (15610): No output dependent on input pin "message[174]"
    Warning (15610): No output dependent on input pin "message[173]"
    Warning (15610): No output dependent on input pin "message[172]"
    Warning (15610): No output dependent on input pin "message[171]"
    Warning (15610): No output dependent on input pin "message[170]"
    Warning (15610): No output dependent on input pin "message[169]"
    Warning (15610): No output dependent on input pin "message[168]"
    Warning (15610): No output dependent on input pin "message[167]"
    Warning (15610): No output dependent on input pin "message[166]"
    Warning (15610): No output dependent on input pin "message[165]"
    Warning (15610): No output dependent on input pin "message[164]"
    Warning (15610): No output dependent on input pin "message[163]"
    Warning (15610): No output dependent on input pin "message[162]"
    Warning (15610): No output dependent on input pin "message[161]"
    Warning (15610): No output dependent on input pin "message[160]"
    Warning (15610): No output dependent on input pin "message[159]"
    Warning (15610): No output dependent on input pin "message[158]"
    Warning (15610): No output dependent on input pin "message[157]"
    Warning (15610): No output dependent on input pin "message[156]"
    Warning (15610): No output dependent on input pin "message[155]"
    Warning (15610): No output dependent on input pin "message[154]"
    Warning (15610): No output dependent on input pin "message[153]"
    Warning (15610): No output dependent on input pin "message[152]"
    Warning (15610): No output dependent on input pin "message[151]"
    Warning (15610): No output dependent on input pin "message[150]"
    Warning (15610): No output dependent on input pin "message[149]"
    Warning (15610): No output dependent on input pin "message[148]"
    Warning (15610): No output dependent on input pin "message[147]"
    Warning (15610): No output dependent on input pin "message[146]"
    Warning (15610): No output dependent on input pin "message[145]"
    Warning (15610): No output dependent on input pin "message[144]"
    Warning (15610): No output dependent on input pin "message[143]"
    Warning (15610): No output dependent on input pin "message[142]"
    Warning (15610): No output dependent on input pin "message[141]"
    Warning (15610): No output dependent on input pin "message[140]"
    Warning (15610): No output dependent on input pin "message[139]"
    Warning (15610): No output dependent on input pin "message[138]"
    Warning (15610): No output dependent on input pin "message[137]"
    Warning (15610): No output dependent on input pin "message[136]"
    Warning (15610): No output dependent on input pin "message[135]"
    Warning (15610): No output dependent on input pin "message[134]"
    Warning (15610): No output dependent on input pin "message[133]"
    Warning (15610): No output dependent on input pin "message[132]"
    Warning (15610): No output dependent on input pin "message[131]"
    Warning (15610): No output dependent on input pin "message[130]"
    Warning (15610): No output dependent on input pin "message[129]"
    Warning (15610): No output dependent on input pin "message[128]"
    Warning (15610): No output dependent on input pin "message[127]"
    Warning (15610): No output dependent on input pin "message[126]"
    Warning (15610): No output dependent on input pin "message[125]"
    Warning (15610): No output dependent on input pin "message[124]"
    Warning (15610): No output dependent on input pin "message[123]"
    Warning (15610): No output dependent on input pin "message[122]"
    Warning (15610): No output dependent on input pin "message[121]"
    Warning (15610): No output dependent on input pin "message[120]"
    Warning (15610): No output dependent on input pin "message[119]"
    Warning (15610): No output dependent on input pin "message[118]"
    Warning (15610): No output dependent on input pin "message[117]"
    Warning (15610): No output dependent on input pin "message[116]"
    Warning (15610): No output dependent on input pin "message[115]"
    Warning (15610): No output dependent on input pin "message[114]"
    Warning (15610): No output dependent on input pin "message[113]"
    Warning (15610): No output dependent on input pin "message[112]"
    Warning (15610): No output dependent on input pin "message[111]"
    Warning (15610): No output dependent on input pin "message[110]"
    Warning (15610): No output dependent on input pin "message[109]"
    Warning (15610): No output dependent on input pin "message[108]"
    Warning (15610): No output dependent on input pin "message[107]"
    Warning (15610): No output dependent on input pin "message[106]"
    Warning (15610): No output dependent on input pin "message[105]"
    Warning (15610): No output dependent on input pin "message[104]"
    Warning (15610): No output dependent on input pin "message[103]"
    Warning (15610): No output dependent on input pin "message[102]"
    Warning (15610): No output dependent on input pin "message[101]"
    Warning (15610): No output dependent on input pin "message[100]"
    Warning (15610): No output dependent on input pin "message[99]"
    Warning (15610): No output dependent on input pin "message[98]"
    Warning (15610): No output dependent on input pin "message[97]"
    Warning (15610): No output dependent on input pin "message[96]"
    Warning (15610): No output dependent on input pin "message[95]"
    Warning (15610): No output dependent on input pin "message[94]"
    Warning (15610): No output dependent on input pin "message[93]"
    Warning (15610): No output dependent on input pin "message[92]"
    Warning (15610): No output dependent on input pin "message[91]"
    Warning (15610): No output dependent on input pin "message[90]"
    Warning (15610): No output dependent on input pin "message[89]"
    Warning (15610): No output dependent on input pin "message[88]"
    Warning (15610): No output dependent on input pin "message[87]"
    Warning (15610): No output dependent on input pin "message[86]"
    Warning (15610): No output dependent on input pin "message[85]"
    Warning (15610): No output dependent on input pin "message[84]"
    Warning (15610): No output dependent on input pin "message[83]"
    Warning (15610): No output dependent on input pin "message[82]"
    Warning (15610): No output dependent on input pin "message[81]"
    Warning (15610): No output dependent on input pin "message[80]"
    Warning (15610): No output dependent on input pin "message[79]"
    Warning (15610): No output dependent on input pin "message[78]"
    Warning (15610): No output dependent on input pin "message[77]"
    Warning (15610): No output dependent on input pin "message[76]"
    Warning (15610): No output dependent on input pin "message[75]"
    Warning (15610): No output dependent on input pin "message[74]"
    Warning (15610): No output dependent on input pin "message[73]"
    Warning (15610): No output dependent on input pin "message[72]"
    Warning (15610): No output dependent on input pin "message[71]"
    Warning (15610): No output dependent on input pin "message[70]"
    Warning (15610): No output dependent on input pin "message[69]"
    Warning (15610): No output dependent on input pin "message[68]"
    Warning (15610): No output dependent on input pin "message[67]"
    Warning (15610): No output dependent on input pin "message[66]"
    Warning (15610): No output dependent on input pin "message[65]"
    Warning (15610): No output dependent on input pin "message[64]"
    Warning (15610): No output dependent on input pin "message[63]"
    Warning (15610): No output dependent on input pin "message[62]"
    Warning (15610): No output dependent on input pin "message[61]"
    Warning (15610): No output dependent on input pin "message[60]"
    Warning (15610): No output dependent on input pin "message[59]"
    Warning (15610): No output dependent on input pin "message[58]"
    Warning (15610): No output dependent on input pin "message[57]"
    Warning (15610): No output dependent on input pin "message[56]"
    Warning (15610): No output dependent on input pin "message[55]"
    Warning (15610): No output dependent on input pin "message[54]"
    Warning (15610): No output dependent on input pin "message[53]"
    Warning (15610): No output dependent on input pin "message[52]"
    Warning (15610): No output dependent on input pin "message[51]"
    Warning (15610): No output dependent on input pin "message[50]"
    Warning (15610): No output dependent on input pin "message[49]"
    Warning (15610): No output dependent on input pin "message[48]"
    Warning (15610): No output dependent on input pin "message[47]"
    Warning (15610): No output dependent on input pin "message[46]"
    Warning (15610): No output dependent on input pin "message[45]"
    Warning (15610): No output dependent on input pin "message[44]"
    Warning (15610): No output dependent on input pin "message[43]"
    Warning (15610): No output dependent on input pin "message[42]"
    Warning (15610): No output dependent on input pin "message[41]"
    Warning (15610): No output dependent on input pin "message[40]"
    Warning (15610): No output dependent on input pin "message[39]"
    Warning (15610): No output dependent on input pin "message[38]"
    Warning (15610): No output dependent on input pin "message[37]"
    Warning (15610): No output dependent on input pin "message[36]"
    Warning (15610): No output dependent on input pin "message[35]"
    Warning (15610): No output dependent on input pin "message[34]"
    Warning (15610): No output dependent on input pin "message[33]"
    Warning (15610): No output dependent on input pin "message[32]"
    Warning (15610): No output dependent on input pin "message[31]"
    Warning (15610): No output dependent on input pin "message[30]"
    Warning (15610): No output dependent on input pin "message[29]"
    Warning (15610): No output dependent on input pin "message[28]"
    Warning (15610): No output dependent on input pin "message[27]"
    Warning (15610): No output dependent on input pin "message[26]"
    Warning (15610): No output dependent on input pin "message[25]"
    Warning (15610): No output dependent on input pin "message[24]"
    Warning (15610): No output dependent on input pin "message[23]"
    Warning (15610): No output dependent on input pin "message[22]"
    Warning (15610): No output dependent on input pin "message[21]"
    Warning (15610): No output dependent on input pin "message[20]"
    Warning (15610): No output dependent on input pin "message[19]"
    Warning (15610): No output dependent on input pin "message[18]"
    Warning (15610): No output dependent on input pin "message[17]"
    Warning (15610): No output dependent on input pin "message[16]"
    Warning (15610): No output dependent on input pin "message[15]"
    Warning (15610): No output dependent on input pin "message[14]"
    Warning (15610): No output dependent on input pin "message[13]"
    Warning (15610): No output dependent on input pin "message[12]"
    Warning (15610): No output dependent on input pin "message[11]"
    Warning (15610): No output dependent on input pin "message[10]"
    Warning (15610): No output dependent on input pin "message[9]"
    Warning (15610): No output dependent on input pin "message[8]"
    Warning (15610): No output dependent on input pin "message[7]"
    Warning (15610): No output dependent on input pin "message[6]"
    Warning (15610): No output dependent on input pin "message[5]"
    Warning (15610): No output dependent on input pin "message[4]"
    Warning (15610): No output dependent on input pin "message[3]"
    Warning (15610): No output dependent on input pin "message[2]"
    Warning (15610): No output dependent on input pin "message[1]"
    Warning (15610): No output dependent on input pin "message[0]"
    Warning (15610): No output dependent on input pin "clk"
    Warning (15610): No output dependent on input pin "reset"
Info (21057): Implemented 771 device resources after synthesis - the final resource count might be different
    Info (21058): Implemented 514 input pins
    Info (21059): Implemented 257 output pins
Info: Quartus II 64-Bit Analysis & Synthesis was successful. 0 errors, 797 warnings
    Info: Peak virtual memory: 4601 megabytes
    Info: Processing ended: Tue Mar 18 18:45:51 2025
    Info: Elapsed time: 00:00:01
    Info: Total CPU time (on all processors): 00:00:01


